inv_mpu.c:48:19:reg_int_cb	16	static
inv_mpu.c:562:5:min	16	static
inv_mpu.c:574:5:set_int_enable	24	static
inv_mpu.c:606:5:mpu_reg_dump	16	static
inv_mpu.c:627:5:mpu_read_reg	16	static
inv_mpu.c:649:5:mpu_init	24	static
inv_mpu.c:743:5:mpu_lp_accel_mode	24	static
inv_mpu.c:827:5:mpu_get_gyro_reg	24	static
inv_mpu.c:850:5:mpu_get_accel_reg	24	static
inv_mpu.c:873:5:mpu_get_temperature	32	static
inv_mpu.c:899:5:mpu_read_6500_accel_bias	24	static
inv_mpu.c:921:5:mpu_read_6050_accel_bias	24	static
inv_mpu.c:935:5:mpu_read_6500_gyro_bias	24	static
inv_mpu.c:957:5:mpu_set_gyro_bias_reg	32	static
inv_mpu.c:987:5:mpu_set_accel_bias_6050_reg	40	static
inv_mpu.c:1025:5:mpu_set_accel_bias_6500_reg	40	static
inv_mpu.c:1059:5:mpu_reset_fifo	16	static
inv_mpu.c:1121:5:mpu_get_gyro_fsr	16	static
inv_mpu.c:1148:5:mpu_set_gyro_fsr	24	static
inv_mpu.c:1185:5:mpu_get_accel_fsr	16	static
inv_mpu.c:1213:5:mpu_set_accel_fsr	24	static
inv_mpu.c:1250:5:mpu_get_lpf	16	static
inv_mpu.c:1286:5:mpu_set_lpf	24	static
inv_mpu.c:1319:5:mpu_get_sample_rate	16	static
inv_mpu.c:1334:5:mpu_set_sample_rate	24	static
inv_mpu.c:1381:5:mpu_get_compass_sample_rate	16	static
inv_mpu.c:1403:5:mpu_set_compass_sample_rate	24	static
inv_mpu.c:1425:5:mpu_get_gyro_sens	16	static
inv_mpu.c:1451:5:mpu_get_accel_sens	16	static
inv_mpu.c:1483:5:mpu_get_fifo_config	16	static
inv_mpu.c:1498:5:mpu_configure_fifo	24	static
inv_mpu.c:1540:5:mpu_get_power_state	16	static
inv_mpu.c:1559:5:mpu_set_sensors	24	static
inv_mpu.c:1636:5:mpu_get_int_status	24	static
inv_mpu.c:1665:5:mpu_read_fifo	48	static
inv_mpu.c:1745:5:mpu_read_fifo_stream	32	static
inv_mpu.c:1783:5:mpu_set_bypass	24	static
inv_mpu.c:1833:5:mpu_set_int_level	16	static
inv_mpu.c:1845:5:mpu_set_int_latched	24	static
inv_mpu.c:1942:12:compass_self_test	24	static
inv_mpu.c:2006:12:get_st_biases	112	static
inv_mpu.c:2163:12:accel_6500_self_test	104	static
inv_mpu.c:2221:12:gyro_6500_self_test	104	static
inv_mpu.c:2281:12:get_st_6500_biases	632	static
inv_mpu.c:2411:5:mpu_run_6500_self_test	72	static
inv_mpu.c:2506:5:mpu_run_self_test	32	static
inv_mpu.c:2610:5:mpu_write_mem	24	static
inv_mpu.c:2643:5:mpu_read_mem	24	static
inv_mpu.c:2675:5:mpu_load_firmware	48	static
inv_mpu.c:2716:5:mpu_set_dmp_state	24	static
inv_mpu.c:2755:5:mpu_get_dmp_state	16	static
inv_mpu.c:2763:12:setup_compass	24	static
inv_mpu.c:2870:5:mpu_get_compass_reg	32	static
inv_mpu.c:2923:5:mpu_get_compass_fsr	16	static
inv_mpu.c:2971:5:mpu_lp_motion_interrupt	32	static
