main.c:227:6:HAL_UART_RxCpltCallback	16	static
main.c:271:7:calculate_angle_error	24	static
main.c:278:6:move_forward	16	static
main.c:304:6:turn_degrees	24	static
main.c:333:6:I2C_Scan	72	static
main.c:351:6:set_motor_direction	16	static
main.c:373:6:adjust_speed	16	static
main.c:430:6:set_speed	16	static
main.c:461:6:process_uart_command	16	static
main.c:496:6:update_servo_position	16	static
main.c:536:6:intToStr	40	static
main.c:580:9:float_to_scaled_int	24	static
main.c:589:6:float_to_int_frac	40	static
main.c:603:6:HAL_GPIO_EXTI_Callback	24	static
main.c:630:5:main	288	static
main.c:799:6:SystemClock_Config	72	static
main.c:838:13:MX_I2C2_Init	8	static
main.c:872:13:MX_TIM1_Init	96	static
main.c:948:13:MX_TIM2_Init	64	static
main.c:1007:13:MX_TIM3_Init	32	static
main.c:1052:13:MX_USART1_UART_Init	8	static
main.c:1086:13:MX_GPIO_Init	40	static
main.c:1142:5:parse_command	32	static
main.c:1158:6:process_received_command	24	static
main.c:1244:6:send_data_over_bluetooth	152	static
main.c:1284:6:StartUartTask	16	static
main.c:1307:6:StartServoTask	40	static
main.c:1378:6:StartMotorTask	24	static
main.c:1436:6:StartUltrasonicoTask	16	static
main.c:1456:6:StartEncoderTask	48	static
main.c:1509:12:normalize_angle	16	static
main.c:1497:6:StartMPU9250Task	48	static
main.c:1583:6:StartBluetoothTask	16	static
main.c:1603:6:Error_Handler	4	static,ignoring_inline_asm
