MPU9250-DMP.c:25:9:MPU9250_constrain	16	static
MPU9250-DMP.c:30:10:MPU9250_constrainU16	16	static
MPU9250-DMP.c:35:5:MPU9250_DMP	4	static
MPU9250-DMP.c:43:13:MPU9250_begin	16	static
MPU9250-DMP.c:65:13:MPU9250_enableInterrupt	16	static
MPU9250-DMP.c:70:13:MPU9250_setIntLevel	16	static
MPU9250-DMP.c:75:13:MPU9250_setIntLatched	16	static
MPU9250-DMP.c:80:7:MPU9250_getIntStatus	16	static
MPU9250-DMP.c:94:13:MPU9250_lowPowerAccel	16	static
MPU9250-DMP.c:99:13:MPU9250_setGyroFSR	24	static
MPU9250-DMP.c:110:13:MPU9250_setAccelFSR	24	static
MPU9250-DMP.c:121:16:MPU9250_getGyroFSR	16	static
MPU9250-DMP.c:131:15:MPU9250_getAccelFSR	16	static
MPU9250-DMP.c:141:16:MPU9250_getMagFSR	16	static
MPU9250-DMP.c:151:13:MPU9250_setLPF	16	static
MPU9250-DMP.c:156:16:MPU9250_getLPF	16	static
MPU9250-DMP.c:166:13:MPU9250_setSampleRate	16	static
MPU9250-DMP.c:171:16:MPU9250_getSampleRate	16	static
MPU9250-DMP.c:181:13:MPU9250_setCompassSampleRate	16	static
MPU9250-DMP.c:186:16:MPU9250_getCompassSampleRate	16	static
MPU9250-DMP.c:197:7:MPU9250_getGyroSens	16	static
MPU9250-DMP.c:207:16:MPU9250_getAccelSens	16	static
MPU9250-DMP.c:217:7:MPU9250_getMagSens	4	static
MPU9250-DMP.c:222:15:MPU9250_getFifoConfig	16	static
MPU9250-DMP.c:232:13:MPU9250_configureFifo	16	static
MPU9250-DMP.c:237:13:MPU9250_resetFifo	8	static
MPU9250-DMP.c:242:16:MPU9250_fifoAvailable	16	static
MPU9250-DMP.c:254:13:MPU9250_updateFifo	48	static
MPU9250-DMP.c:281:13:MPU9250_setSensors	16	static
MPU9250-DMP.c:286:6:MPU9250_dataReady	16	static
MPU9250-DMP.c:297:13:MPU9250_update	32	static
MPU9250-DMP.c:316:5:MPU9250_updateAccel	16	static
MPU9250-DMP.c:330:5:MPU9250_updateGyro	16	static
MPU9250-DMP.c:344:5:MPU9250_updateCompass	16	static
MPU9250-DMP.c:358:13:MPU9250_updateTemperature	8	static
MPU9250-DMP.c:363:5:MPU9250_selfTest	40	static
MPU9250-DMP.c:369:13:MPU9250_dmpBegin	24	static
MPU9250-DMP.c:407:13:MPU9250_dmpLoad	8	static
MPU9250-DMP.c:412:16:MPU9250_dmpGetFifoRate	16	static
MPU9250-DMP.c:421:13:MPU9250_dmpSetFifoRate	16	static
MPU9250-DMP.c:427:13:MPU9250_dmpUpdateFifo	64	static
MPU9250-DMP.c:467:13:MPU9250_dmpEnableFeatures	24	static
MPU9250-DMP.c:477:16:MPU9250_dmpGetEnabledFeatures	16	static
MPU9250-DMP.c:485:13:MPU9250_dmpSetTap	32	static
MPU9250-DMP.c:525:15:MPU9250_getTapDir	4	static
MPU9250-DMP.c:531:15:MPU9250_getTapCount	4	static
MPU9250-DMP.c:537:6:MPU9250_tapAvailable	4	static
MPU9250-DMP.c:542:13:MPU9250_dmpSetOrientation	24	static
MPU9250-DMP.c:554:15:MPU9250_dmpGetOrientation	4	static
MPU9250-DMP.c:559:13:MPU9250_dmpEnable3Quat	16	static
MPU9250-DMP.c:574:15:MPU9250_dmpGetPedometerSteps	16	static
MPU9250-DMP.c:584:13:MPU9250_dmpSetPedometerSteps	16	static
MPU9250-DMP.c:589:15:MPU9250_dmpGetPedometerTime	16	static
MPU9250-DMP.c:599:13:MPU9250_dmpSetPedometerTime	16	static
MPU9250-DMP.c:604:7:MPU9250_calcAccel	24	static
MPU9250-DMP.c:612:7:MPU9250_calcGyro	16	static
MPU9250-DMP.c:620:7:MPU9250_calcMag	16	static
MPU9250-DMP.c:628:7:MPU9250_calcQuat	16	static
MPU9250-DMP.c:633:7:MPU9250_qToFloat	24	static
MPU9250-DMP.c:639:6:MPU9250_computeEulerAngles	64	static
MPU9250-DMP.c:672:7:MPU9250_computeCompassHeading	16	static
MPU9250-DMP.c:688:16:MPU9250_orientation_row_2_scale	24	static
MPU9250-DMP.c:709:13:tap_cb	16	static
MPU9250-DMP.c:716:13:orient_cb	16	static
