Archive member included to satisfy reference by file (symbol)

c:/st/stm32cubeide_1.7.0/stm32cubeide/plugins/com.st.stm32cube.ide.mcu.externaltools.gnu-tools-for-stm32.9-2020-q2-update.win32_2.0.0.202105311346/tools/bin/../lib/gcc/arm-none-eabi/9.3.1/../../../../arm-none-eabi/lib/thumb/v7-m/nofp\libc_nano.a(lib_a-atoi.o)
                              ./Core/Src/main.o (atoi)
c:/st/stm32cubeide_1.7.0/stm32cubeide/plugins/com.st.stm32cube.ide.mcu.externaltools.gnu-tools-for-stm32.9-2020-q2-update.win32_2.0.0.202105311346/tools/bin/../lib/gcc/arm-none-eabi/9.3.1/../../../../arm-none-eabi/lib/thumb/v7-m/nofp\libc_nano.a(lib_a-errno.o)
                              ./Core/Src/syscalls.o (__errno)
c:/st/stm32cubeide_1.7.0/stm32cubeide/plugins/com.st.stm32cube.ide.mcu.externaltools.gnu-tools-for-stm32.9-2020-q2-update.win32_2.0.0.202105311346/tools/bin/../lib/gcc/arm-none-eabi/9.3.1/../../../../arm-none-eabi/lib/thumb/v7-m/nofp\libc_nano.a(lib_a-exit.o)
                              c:/st/stm32cubeide_1.7.0/stm32cubeide/plugins/com.st.stm32cube.ide.mcu.externaltools.gnu-tools-for-stm32.9-2020-q2-update.win32_2.0.0.202105311346/tools/bin/../lib/gcc/arm-none-eabi/9.3.1/../../../../arm-none-eabi/lib/thumb/v7-m/nofp/crt0.o (exit)
c:/st/stm32cubeide_1.7.0/stm32cubeide/plugins/com.st.stm32cube.ide.mcu.externaltools.gnu-tools-for-stm32.9-2020-q2-update.win32_2.0.0.202105311346/tools/bin/../lib/gcc/arm-none-eabi/9.3.1/../../../../arm-none-eabi/lib/thumb/v7-m/nofp\libc_nano.a(lib_a-impure.o)
                              c:/st/stm32cubeide_1.7.0/stm32cubeide/plugins/com.st.stm32cube.ide.mcu.externaltools.gnu-tools-for-stm32.9-2020-q2-update.win32_2.0.0.202105311346/tools/bin/../lib/gcc/arm-none-eabi/9.3.1/../../../../arm-none-eabi/lib/thumb/v7-m/nofp\libc_nano.a(lib_a-exit.o) (_global_impure_ptr)
c:/st/stm32cubeide_1.7.0/stm32cubeide/plugins/com.st.stm32cube.ide.mcu.externaltools.gnu-tools-for-stm32.9-2020-q2-update.win32_2.0.0.202105311346/tools/bin/../lib/gcc/arm-none-eabi/9.3.1/../../../../arm-none-eabi/lib/thumb/v7-m/nofp\libc_nano.a(lib_a-init.o)
                              c:/st/stm32cubeide_1.7.0/stm32cubeide/plugins/com.st.stm32cube.ide.mcu.externaltools.gnu-tools-for-stm32.9-2020-q2-update.win32_2.0.0.202105311346/tools/bin/../lib/gcc/arm-none-eabi/9.3.1/../../../../arm-none-eabi/lib/thumb/v7-m/nofp/crt0.o (__libc_init_array)
c:/st/stm32cubeide_1.7.0/stm32cubeide/plugins/com.st.stm32cube.ide.mcu.externaltools.gnu-tools-for-stm32.9-2020-q2-update.win32_2.0.0.202105311346/tools/bin/../lib/gcc/arm-none-eabi/9.3.1/../../../../arm-none-eabi/lib/thumb/v7-m/nofp\libc_nano.a(lib_a-memcmp.o)
                              ./Core/Src/inv_mpu.o (memcmp)
c:/st/stm32cubeide_1.7.0/stm32cubeide/plugins/com.st.stm32cube.ide.mcu.externaltools.gnu-tools-for-stm32.9-2020-q2-update.win32_2.0.0.202105311346/tools/bin/../lib/gcc/arm-none-eabi/9.3.1/../../../../arm-none-eabi/lib/thumb/v7-m/nofp\libc_nano.a(lib_a-memcpy-stub.o)
                              ./Middlewares/Third_Party/FreeRTOS/Source/queue.o (memcpy)
c:/st/stm32cubeide_1.7.0/stm32cubeide/plugins/com.st.stm32cube.ide.mcu.externaltools.gnu-tools-for-stm32.9-2020-q2-update.win32_2.0.0.202105311346/tools/bin/../lib/gcc/arm-none-eabi/9.3.1/../../../../arm-none-eabi/lib/thumb/v7-m/nofp\libc_nano.a(lib_a-memset.o)
                              c:/st/stm32cubeide_1.7.0/stm32cubeide/plugins/com.st.stm32cube.ide.mcu.externaltools.gnu-tools-for-stm32.9-2020-q2-update.win32_2.0.0.202105311346/tools/bin/../lib/gcc/arm-none-eabi/9.3.1/../../../../arm-none-eabi/lib/thumb/v7-m/nofp/crt0.o (memset)
c:/st/stm32cubeide_1.7.0/stm32cubeide/plugins/com.st.stm32cube.ide.mcu.externaltools.gnu-tools-for-stm32.9-2020-q2-update.win32_2.0.0.202105311346/tools/bin/../lib/gcc/arm-none-eabi/9.3.1/../../../../arm-none-eabi/lib/thumb/v7-m/nofp\libc_nano.a(lib_a-snprintf.o)
                              ./Core/Src/main.o (snprintf)
c:/st/stm32cubeide_1.7.0/stm32cubeide/plugins/com.st.stm32cube.ide.mcu.externaltools.gnu-tools-for-stm32.9-2020-q2-update.win32_2.0.0.202105311346/tools/bin/../lib/gcc/arm-none-eabi/9.3.1/../../../../arm-none-eabi/lib/thumb/v7-m/nofp\libc_nano.a(lib_a-sprintf.o)
                              ./Core/Src/main.o (sprintf)
c:/st/stm32cubeide_1.7.0/stm32cubeide/plugins/com.st.stm32cube.ide.mcu.externaltools.gnu-tools-for-stm32.9-2020-q2-update.win32_2.0.0.202105311346/tools/bin/../lib/gcc/arm-none-eabi/9.3.1/../../../../arm-none-eabi/lib/thumb/v7-m/nofp\libc_nano.a(lib_a-strchr.o)
                              ./Core/Src/main.o (strchr)
c:/st/stm32cubeide_1.7.0/stm32cubeide/plugins/com.st.stm32cube.ide.mcu.externaltools.gnu-tools-for-stm32.9-2020-q2-update.win32_2.0.0.202105311346/tools/bin/../lib/gcc/arm-none-eabi/9.3.1/../../../../arm-none-eabi/lib/thumb/v7-m/nofp\libc_nano.a(lib_a-strcmp.o)
                              ./Core/Src/main.o (strcmp)
[...]
Memory Configuration

Name             Origin             Length             Attributes
RAM              0x0000000020000000 0x0000000000005000 xrw
FLASH            0x0000000008000000 0x0000000000010000 xr
*default*        0x0000000000000000 0xffffffffffffffff

Linker script and memory map

LOAD c:/st/stm32cubeide_1.7.0/stm32cubeide/plugins/com.st.stm32cube.ide.mcu.externaltools.gnu-tools-for-stm32.9-2020-q2-update.win32_2.0.0.202105311346/tools/bin/../lib/gcc/arm-none-eabi/9.3.1/thumb/v7-m/nofp/crti.o
LOAD c:/st/stm32cubeide_1.7.0/stm32cubeide/plugins/com.st.stm32cube.ide.mcu.externaltools.gnu-tools-for-stm32.9-2020-q2-update.win32_2.0.0.202105311346/tools/bin/../lib/gcc/arm-none-eabi/9.3.1/thumb/v7-m/nofp/crtbegin.o
LOAD c:/st/stm32cubeide_1.7.0/stm32cubeide/plugins/com.st.stm32cube.ide.mcu.externaltools.gnu-tools-for-stm32.9-2020-q2-update.win32_2.0.0.202105311346/tools/bin/../lib/gcc/arm-none-eabi/9.3.1/../../../../arm-none-eabi/lib/thumb/v7-m/nofp/crt0.o
LOAD ./Core/Inc/encoder_task.o
LOAD ./Core/Src/MPU9250-DMP.o
LOAD ./Core/Src/encoder_task.o
LOAD ./Core/Src/freertos.o
LOAD ./Core/Src/globals.o
LOAD ./Core/Src/inv_mpu.o
LOAD ./Core/Src/inv_mpu_dmp_motion_driver.o
LOAD ./Core/Src/main.o
LOAD ./Core/Src/motor_task.o
LOAD ./Core/Src/mpu_task.o
LOAD ./Core/Src/servo_task.o
LOAD ./Core/Src/stm32_mpu9250_clk.o
LOAD ./Core/Src/stm32_mpu9250_i2c.o
LOAD ./Core/Src/stm32f1xx_hal_msp.o
LOAD ./Core/Src/stm32f1xx_it.o
LOAD ./Core/Src/syscalls.o
LOAD ./Core/Src/sysmem.o
LOAD ./Core/Src/system_stm32f1xx.o
LOAD ./Core/Src/uart_task.o
LOAD ./Core/Src/ultrasonic_task.o
LOAD ./Core/Src/ultrasonico.o
LOAD ./Core/Startup/startup_stm32f103c8tx.o
LOAD ./Drivers/STM32F1xx_HAL_Driver/Src/stm32f1xx_hal.o
LOAD ./Drivers/STM32F1xx_HAL_Driver/Src/stm32f1xx_hal_cortex.o
LOAD ./Drivers/STM32F1xx_HAL_Driver/Src/stm32f1xx_hal_dma.o
LOAD ./Drivers/STM32F1xx_HAL_Driver/Src/stm32f1xx_hal_exti.o
LOAD ./Drivers/STM32F1xx_HAL_Driver/Src/stm32f1xx_hal_flash.o
LOAD ./Drivers/STM32F1xx_HAL_Driver/Src/stm32f1xx_hal_flash_ex.o
LOAD ./Drivers/STM32F1xx_HAL_Driver/Src/stm32f1xx_hal_gpio.o
LOAD ./Drivers/STM32F1xx_HAL_Driver/Src/stm32f1xx_hal_gpio_ex.o
LOAD ./Drivers/STM32F1xx_HAL_Driver/Src/stm32f1xx_hal_i2c.o
LOAD ./Drivers/STM32F1xx_HAL_Driver/Src/stm32f1xx_hal_pwr.o
LOAD ./Drivers/STM32F1xx_HAL_Driver/Src/stm32f1xx_hal_rcc.o
LOAD ./Drivers/STM32F1xx_HAL_Driver/Src/stm32f1xx_hal_rcc_ex.o
LOAD ./Drivers/STM32F1xx_HAL_Driver/Src/stm32f1xx_hal_tim.o
LOAD ./Drivers/STM32F1xx_HAL_Driver/Src/stm32f1xx_hal_tim_ex.o
LOAD ./Drivers/STM32F1xx_HAL_Driver/Src/stm32f1xx_hal_uart.o
LOAD ./Middlewares/Third_Party/FreeRTOS/Source/CMSIS_RTOS/cmsis_os.o
LOAD ./Middlewares/Third_Party/FreeRTOS/Source/croutine.o
LOAD ./Middlewares/Third_Party/FreeRTOS/Source/event_groups.o
LOAD ./Middlewares/Third_Party/FreeRTOS/Source/list.o
LOAD ./Middlewares/Third_Party/FreeRTOS/Source/queue.o
LOAD ./Middlewares/Third_Party/FreeRTOS/Source/stream_buffer.o
LOAD ./Middlewares/Third_Party/FreeRTOS/Source/tasks.o
LOAD ./Middlewares/Third_Party/FreeRTOS/Source/timers.o
LOAD ./Middlewares/Third_Party/FreeRTOS/Source/portable/GCC/ARM_CM3/port.o
LOAD ./Middlewares/Third_Party/FreeRTOS/Source/portable/MemMang/heap_4.o
START GROUP
LOAD c:/st/stm32cubeide_1.7.0/stm32cubeide/plugins/com.st.stm32cube.ide.mcu.externaltools.gnu-tools-for-stm32.9-2020-q2-update.win32_2.0.0.202105311346/tools/bin/../lib/gcc/arm-none-eabi/9.3.1/../../../../arm-none-eabi/lib/thumb/v7-m/nofp\libc_nano.a
LOAD c:/st/stm32cubeide_1.7.0/stm32cubeide/plugins/com.st.stm32cube.ide.mcu.externaltools.gnu-tools-for-stm32.9-2020-q2-update.win32_2.0.0.202105311346/tools/bin/../lib/gcc/arm-none-eabi/9.3.1/../../../../arm-none-eabi/lib/thumb/v7-m/nofp\libm.a
END GROUP
START GROUP
LOAD c:/st/stm32cubeide_1.7.0/stm32cubeide/plugins/com.st.stm32cube.ide.mcu.externaltools.gnu-tools-for-stm32.9-2020-q2-update.win32_2.0.0.202105311346/tools/bin/../lib/gcc/arm-none-eabi/9.3.1/thumb/v7-m/nofp\libgcc.a
LOAD c:/st/stm32cubeide_1.7.0/stm32cubeide/plugins/com.st.stm32cube.ide.mcu.externaltools.gnu-tools-for-stm32.9-2020-q2-update.win32_2.0.0.202105311346/tools/bin/../lib/gcc/arm-none-eabi/9.3.1/../../../../arm-none-eabi/lib/thumb/v7-m/nofp\libc_nano.a
END GROUP
START GROUP
LOAD c:/st/stm32cubeide_1.7.0/stm32cubeide/plugins/com.st.stm32cube.ide.mcu.externaltools.gnu-tools-for-stm32.9-2020-q2-update.win32_2.0.0.202105311346/tools/bin/../lib/gcc/arm-none-eabi/9.3.1/thumb/v7-m/nofp\libgcc.a
LOAD c:/st/stm32cubeide_1.7.0/stm32cubeide/plugins/com.st.stm32cube.ide.mcu.externaltools.gnu-tools-for-stm32.9-2020-q2-update.win32_2.0.0.202105311346/tools/bin/../lib/gcc/arm-none-eabi/9.3.1/../../../../arm-none-eabi/lib/thumb/v7-m/nofp\libc_nano.a
LOAD c:/st/stm32cubeide_1.7.0/stm32cubeide/plugins/com.st.stm32cube.ide.mcu.externaltools.gnu-tools-for-stm32.9-2020-q2-update.win32_2.0.0.202105311346/tools/bin/../lib/gcc/arm-none-eabi/9.3.1/../../../../arm-none-eabi/lib/thumb/v7-m/nofp\libnosys.a
END GROUP
START GROUP
LOAD c:/st/stm32cubeide_1.7.0/stm32cubeide/plugins/com.st.stm32cube.ide.mcu.externaltools.gnu-tools-for-stm32.9-2020-q2-update.win32_2.0.0.202105311346/tools/bin/../lib/gcc/arm-none-eabi/9.3.1/thumb/v7-m/nofp\libgcc.a
LOAD c:/st/stm32cubeide_1.7.0/stm32cubeide/plugins/com.st.stm32cube.ide.mcu.externaltools.gnu-tools-for-stm32.9-2020-q2-update.win32_2.0.0.202105311346/tools/bin/../lib/gcc/arm-none-eabi/9.3.1/../../../../arm-none-eabi/lib/thumb/v7-m/nofp\libc_nano.a
LOAD c:/st/stm32cubeide_1.7.0/stm32cubeide/plugins/com.st.stm32cube.ide.mcu.externaltools.gnu-tools-for-stm32.9-2020-q2-update.win32_2.0.0.202105311346/tools/bin/../lib/gcc/arm-none-eabi/9.3.1/../../../../arm-none-eabi/lib/thumb/v7-m/nofp\libnosys.a
END GROUP
LOAD c:/st/stm32cubeide_1.7.0/stm32cubeide/plugins/com.st.stm32cube.ide.mcu.externaltools.gnu-tools-for-stm32.9-2020-q2-update.win32_2.0.0.202105311346/tools/bin/../lib/gcc/arm-none-eabi/9.3.1/thumb/v7-m/nofp/crtend.o
LOAD c:/st/stm32cubeide_1.7.0/stm32cubeide/plugins/com.st.stm32cube.ide.mcu.externaltools.gnu-tools-for-stm32.9-2020-q2-update.win32_2.0.0.202105311346/tools/bin/../lib/gcc/arm-none-eabi/9.3.1/thumb/v7-m/nofp/crtn.o
                0x0000000020005000                _estack = (ORIGIN (RAM) + LENGTH (RAM))
                0x0000000000000200                _Min_Heap_Size = 0x200
                0x0000000000000400                _Min_Stack_Size = 0x400

.isr_vector     0x0000000008000000      0x10c
                0x0000000008000000                . = ALIGN (0x4)
 *(.isr_vector)
 .isr_vector    0x0000000008000000      0x10c ./Core/Startup/startup_stm32f103c8tx.o
                0x0000000008000000                g_pfnVectors
                0x000000000800010c                . = ALIGN (0x4)

.text           0x0000000008000110     0xcc7c
                0x0000000008000110                . = ALIGN (0x4)
 *(.text)
 .text          0x0000000008000110       0x40 c:/st/stm32cubeide_1.7.0/stm32cubeide/plugins/com.st.stm32cube.ide.mcu.externaltools.gnu-tools-for-stm32.9-2020-q2-update.win32_2.0.0.202105311346/tools/bin/../lib/gcc/arm-none-eabi/9.3.1/thumb/v7-m/nofp/crtbegin.o
 .text          0x0000000008000150       0x14 c:/st/stm32cubeide_1.7.0/stm32cubeide/plugins/com.st.stm32cube.ide.mcu.externaltools.gnu-tools-for-stm32.9-2020-q2-update.win32_2.0.0.202105311346/tools/bin/../lib/gcc/arm-none-eabi/9.3.1/../../../../arm-none-eabi/lib/thumb/v7-m/nofp\libc_nano.a(lib_a-strcmp.o)
                0x0000000008000150                strcmp
 .text          0x0000000008000164       0x10 c:/st/stm32cubeide_1.7.0/stm32cubeide/plugins/com.st.stm32cube.ide.mcu.externaltools.gnu-tools-for-stm32.9-2020-q2-update.win32_2.0.0.202105311346/tools/bin/../lib/gcc/arm-none-eabi/9.3.1/../../../../arm-none-eabi/lib/thumb/v7-m/nofp\libc_nano.a(lib_a-strlen.o)
                0x0000000008000164                strlen
 .text          0x0000000008000174      0x378 c:/st/stm32cubeide_1.7.0/stm32cubeide/plugins/com.st.stm32cube.ide.mcu.externaltools.gnu-tools-for-stm32.9-2020-q2-update.win32_2.0.0.202105311346/tools/bin/../lib/gcc/arm-none-eabi/9.3.1/thumb/v7-m/nofp\libgcc.a(_arm_addsubdf3.o)
                0x0000000008000174                __aeabi_drsub
                0x000000000800017c                __aeabi_dsub
                0x000000000800017c                __subdf3
                0x0000000008000180                __aeabi_dadd
                0x0000000008000180                __adddf3
                0x00000000080003f8                __floatunsidf
                0x00000000080003f8                __aeabi_ui2d
                0x0000000008000418                __floatsidf
                0x0000000008000418                __aeabi_i2d
                0x000000000800043c                __aeabi_f2d
                0x000000000800043c                __extendsfdf2
                0x0000000008000480                __floatundidf
                0x0000000008000480                __aeabi_ul2d
                0x0000000008000490                __floatdidf
                0x0000000008000490                __aeabi_l2d
 .text          0x00000000080004ec      0x424 c:/st/stm32cubeide_1.7.0/stm32cubeide/plugins/com.st.stm32cube.ide.mcu.externaltools.gnu-tools-for-stm32.9-2020-q2-update.win32_2.0.0.202105311346/tools/bin/../lib/gcc/arm-none-eabi/9.3.1/thumb/v7-m/nofp\libgcc.a(_arm_muldivdf3.o)
                0x00000000080004ec                __aeabi_dmul
                0x00000000080004ec                __muldf3
                0x0000000008000740                __divdf3
                0x0000000008000740                __aeabi_ddiv
 .text          0x0000000008000910      0x110 c:/st/stm32cubeide_1.7.0/stm32cubeide/plugins/com.st.stm32cube.ide.mcu.externaltools.gnu-tools-for-stm32.9-2020-q2-update.win32_2.0.0.202105311346/tools/bin/../lib/gcc/arm-none-eabi/9.3.1/thumb/v7-m/nofp\libgcc.a(_arm_cmpdf2.o)
                0x0000000008000910                __gtdf2
                0x0000000008000910                __gedf2
                0x0000000008000918                __ltdf2
                0x0000000008000918                __ledf2
                0x0000000008000920                __nedf2
                0x0000000008000920                __eqdf2
                0x0000000008000920                __cmpdf2
                0x000000000800099c                __aeabi_cdrcmple
                0x00000000080009ac                __aeabi_cdcmpeq
                0x00000000080009ac                __aeabi_cdcmple
                0x00000000080009bc                __aeabi_dcmpeq
                0x00000000080009d0                __aeabi_dcmplt
                0x00000000080009e4                __aeabi_dcmple
                0x00000000080009f8                __aeabi_dcmpge
                0x0000000008000a0c                __aeabi_dcmpgt
 .text          0x0000000008000a20       0x2c c:/st/stm32cubeide_1.7.0/stm32cubeide/plugins/com.st.stm32cube.ide.mcu.externaltools.gnu-tools-for-stm32.9-2020-q2-update.win32_2.0.0.202105311346/tools/bin/../lib/gcc/arm-none-eabi/9.3.1/thumb/v7-m/nofp\libgcc.a(_arm_unorddf2.o)
                0x0000000008000a20                __unorddf2
                0x0000000008000a20                __aeabi_dcmpun
 .text          0x0000000008000a4c       0x40 c:/st/stm32cubeide_1.7.0/stm32cubeide/plugins/com.st.stm32cube.ide.mcu.externaltools.gnu-tools-for-stm32.9-2020-q2-update.win32_2.0.0.202105311346/tools/bin/../lib/gcc/arm-none-eabi/9.3.1/thumb/v7-m/nofp\libgcc.a(_arm_fixunsdfsi.o)
                0x0000000008000a4c                __aeabi_d2uiz
                0x0000000008000a4c                __fixunsdfsi
 .text          0x0000000008000a8c       0xa0 c:/st/stm32cubeide_1.7.0/stm32cubeide/plugins/com.st.stm32cube.ide.mcu.externaltools.gnu-tools-for-stm32.9-2020-q2-update.win32_2.0.0.202105311346/tools/bin/../lib/gcc/arm-none-eabi/9.3.1/thumb/v7-m/nofp\libgcc.a(_arm_truncdfsf2.o)
                0x0000000008000a8c                __truncdfsf2
                0x0000000008000a8c                __aeabi_d2f
 .text          0x0000000008000b2c      0x21c c:/st/stm32cubeide_1.7.0/stm32cubeide/plugins/com.st.stm32cube.ide.mcu.externaltools.gnu-tools-for-stm32.9-2020-q2-update.win32_2.0.0.202105311346/tools/bin/../lib/gcc/arm-none-eabi/9.3.1/thumb/v7-m/nofp\libgcc.a(_arm_addsubsf3.o)
                0x0000000008000b2c                __aeabi_frsub
                0x0000000008000b34                __subsf3
                0x0000000008000b34                __aeabi_fsub
                0x0000000008000b38                __aeabi_fadd
                0x0000000008000b38                __addsf3
                0x0000000008000c98                __aeabi_ui2f
                0x0000000008000c98                __floatunsisf
                0x0000000008000ca0                __aeabi_i2f
                0x0000000008000ca0                __floatsisf
                0x0000000008000cbc                __aeabi_ul2f
                0x0000000008000cbc                __floatundisf
                0x0000000008000ccc                __aeabi_l2f
                0x0000000008000ccc                __floatdisf
 .text          0x0000000008000d48      0x2a0 c:/st/stm32cubeide_1.7.0/stm32cubeide/plugins/com.st.stm32cube.ide.mcu.externaltools.gnu-tools-for-stm32.9-2020-q2-update.win32_2.0.0.202105311346/tools/bin/../lib/gcc/arm-none-eabi/9.3.1/thumb/v7-m/nofp\libgcc.a(_arm_muldivsf3.o)
                0x0000000008000d48                __mulsf3
                0x0000000008000d48                __aeabi_fmul
                0x0000000008000eb0                __aeabi_fdiv
                0x0000000008000eb0                __divsf3
 .text          0x0000000008000fe8       0xec c:/st/stm32cubeide_1.7.0/stm32cubeide/plugins/com.st.stm32cube.ide.mcu.externaltools.gnu-tools-for-stm32.9-2020-q2-update.win32_2.0.0.202105311346/tools/bin/../lib/gcc/arm-none-eabi/9.3.1/thumb/v7-m/nofp\libgcc.a(_arm_cmpsf2.o)
                0x0000000008000fe8                __gesf2
                0x0000000008000fe8                __gtsf2
                0x0000000008000ff0                __lesf2
                0x0000000008000ff0                __ltsf2
                0x0000000008000ff8                __nesf2
                0x0000000008000ff8                __eqsf2
                0x0000000008000ff8                __cmpsf2
                0x0000000008001058                __aeabi_cfrcmple
                0x0000000008001060                __aeabi_cfcmpeq
                0x0000000008001060                __aeabi_cfcmple
                0x0000000008001070                __aeabi_fcmpeq
                0x0000000008001084                __aeabi_fcmplt
                0x0000000008001098                __aeabi_fcmple
                0x00000000080010ac                __aeabi_fcmpge
                0x00000000080010c0                __aeabi_fcmpgt
 .text          0x00000000080010d4       0x4c c:/st/stm32cubeide_1.7.0/stm32cubeide/plugins/com.st.stm32cube.ide.mcu.externaltools.gnu-tools-for-stm32.9-2020-q2-update.win32_2.0.0.202105311346/tools/bin/../lib/gcc/arm-none-eabi/9.3.1/thumb/v7-m/nofp\libgcc.a(_arm_fixsfsi.o)
                0x00000000080010d4                __aeabi_f2iz
                0x00000000080010d4                __fixsfsi
 .text          0x0000000008001120       0x40 c:/st/stm32cubeide_1.7.0/stm32cubeide/plugins/com.st.stm32cube.ide.mcu.externaltools.gnu-tools-for-stm32.9-2020-q2-update.win32_2.0.0.202105311346/tools/bin/../lib/gcc/arm-none-eabi/9.3.1/thumb/v7-m/nofp\libgcc.a(_arm_fixunssfsi.o)
                0x0000000008001120                __fixunssfsi
                0x0000000008001120                __aeabi_f2uiz
 *(.text*)
 .text.MPU9250_DMP
                0x0000000008001160       0x34 ./Core/Src/MPU9250-DMP.o
                0x0000000008001160                MPU9250_DMP
 .text.MPU9250_begin
                0x0000000008001194       0x50 ./Core/Src/MPU9250-DMP.o
                0x0000000008001194                MPU9250_begin
 .text.MPU9250_getGyroSens
                0x00000000080011e4       0x24 ./Core/Src/MPU9250-DMP.o
                0x00000000080011e4                MPU9250_getGyroSens
 .text.MPU9250_getAccelSens
                0x0000000008001208       0x22 ./Core/Src/MPU9250-DMP.o
                0x0000000008001208                MPU9250_getAccelSens
 .text.MPU9250_fifoAvailable
                0x000000000800122a       0x46 ./Core/Src/MPU9250-DMP.o
                0x000000000800122a                MPU9250_fifoAvailable
 .text.MPU9250_setSensors
                0x0000000008001270       0x1c ./Core/Src/MPU9250-DMP.o
                0x0000000008001270                MPU9250_setSensors
 .text.MPU9250_dataReady
                0x000000000800128c       0x32 ./Core/Src/MPU9250-DMP.o
                0x000000000800128c                MPU9250_dataReady
 .text.MPU9250_update
                0x00000000080012be       0x70 ./Core/Src/MPU9250-DMP.o
                0x00000000080012be                MPU9250_update
 *fill*         0x000000000800132e        0x2 
 .text.MPU9250_updateAccel
                0x0000000008001330       0x54 ./Core/Src/MPU9250-DMP.o
                0x0000000008001330                MPU9250_updateAccel
 .text.MPU9250_updateGyro
                0x0000000008001384       0x54 ./Core/Src/MPU9250-DMP.o
                0x0000000008001384                MPU9250_updateGyro
 .text.MPU9250_updateCompass
                0x00000000080013d8       0x54 ./Core/Src/MPU9250-DMP.o
                0x00000000080013d8                MPU9250_updateCompass
 .text.MPU9250_updateTemperature
                0x000000000800142c       0x1c ./Core/Src/MPU9250-DMP.o
                0x000000000800142c                MPU9250_updateTemperature
 .text.MPU9250_dmpBegin
                0x0000000008001448       0xa8 ./Core/Src/MPU9250-DMP.o
                0x0000000008001448                MPU9250_dmpBegin
 .text.MPU9250_dmpLoad
                0x00000000080014f0        0xe ./Core/Src/MPU9250-DMP.o
                0x00000000080014f0                MPU9250_dmpLoad
 .text.MPU9250_dmpSetFifoRate
                0x00000000080014fe       0x26 ./Core/Src/MPU9250-DMP.o
                0x00000000080014fe                MPU9250_dmpSetFifoRate
 .text.MPU9250_dmpUpdateFifo
                0x0000000008001524      0x124 ./Core/Src/MPU9250-DMP.o
                0x0000000008001524                MPU9250_dmpUpdateFifo
 .text.MPU9250_dmpEnableFeatures
                0x0000000008001648       0x30 ./Core/Src/MPU9250-DMP.o
                0x0000000008001648                MPU9250_dmpEnableFeatures
 .text.MPU9250_qToFloat
                0x0000000008001678       0x36 ./Core/Src/MPU9250-DMP.o
                0x0000000008001678                MPU9250_qToFloat
 *fill*         0x00000000080016ae        0x2 
 .text.MPU9250_computeEulerAngles
                0x00000000080016b0      0x330 ./Core/Src/MPU9250-DMP.o
                0x00000000080016b0                MPU9250_computeEulerAngles
 .text.MPU9250_computeCompassHeading
                0x00000000080019e0      0x148 ./Core/Src/MPU9250-DMP.o
                0x00000000080019e0                MPU9250_computeCompassHeading
 .text.vApplicationGetIdleTaskMemory
                0x0000000008001b28       0x30 ./Core/Src/freertos.o
                0x0000000008001b28                vApplicationGetIdleTaskMemory
 .text.reg_int_cb
                0x0000000008001b58       0x14 ./Core/Src/inv_mpu.o
 .text.min      0x0000000008001b6c       0x1e ./Core/Src/inv_mpu.o
                0x0000000008001b6c                min
 *fill*         0x0000000008001b8a        0x2 
 .text.set_int_enable
                0x0000000008001b8c       0xb4 ./Core/Src/inv_mpu.o
                0x0000000008001b8c                set_int_enable
 .text.mpu_read_reg
                0x0000000008001c40       0x5c ./Core/Src/inv_mpu.o
                0x0000000008001c40                mpu_read_reg
 .text.mpu_init
                0x0000000008001c9c      0x194 ./Core/Src/inv_mpu.o
                0x0000000008001c9c                mpu_init
 .text.mpu_lp_accel_mode
                0x0000000008001e30      0x13c ./Core/Src/inv_mpu.o
                0x0000000008001e30                mpu_lp_accel_mode
 .text.mpu_get_gyro_reg
                0x0000000008001f6c       0x94 ./Core/Src/inv_mpu.o
                0x0000000008001f6c                mpu_get_gyro_reg
 .text.mpu_get_accel_reg
                0x0000000008002000       0x94 ./Core/Src/inv_mpu.o
                0x0000000008002000                mpu_get_accel_reg
 .text.mpu_get_temperature
                0x0000000008002094       0xc8 ./Core/Src/inv_mpu.o
                0x0000000008002094                mpu_get_temperature
 .text.mpu_reset_fifo
                0x000000000800215c      0x208 ./Core/Src/inv_mpu.o
                0x000000000800215c                mpu_reset_fifo
 .text.mpu_set_gyro_fsr
                0x0000000008002364       0xa8 ./Core/Src/inv_mpu.o
                0x0000000008002364                mpu_set_gyro_fsr
 .text.mpu_get_accel_fsr
                0x000000000800240c       0x74 ./Core/Src/inv_mpu.o
                0x000000000800240c                mpu_get_accel_fsr
 .text.mpu_set_accel_fsr
                0x0000000008002480       0xd0 ./Core/Src/inv_mpu.o
                0x0000000008002480                mpu_set_accel_fsr
 .text.mpu_set_lpf
                0x0000000008002550       0x9c ./Core/Src/inv_mpu.o
                0x0000000008002550                mpu_set_lpf
 .text.mpu_set_sample_rate
                0x00000000080025ec       0xe0 ./Core/Src/inv_mpu.o
                0x00000000080025ec                mpu_set_sample_rate
 .text.mpu_set_compass_sample_rate
                0x00000000080026cc       0x80 ./Core/Src/inv_mpu.o
                0x00000000080026cc                mpu_set_compass_sample_rate
 .text.mpu_get_gyro_sens
                0x000000000800274c       0x70 ./Core/Src/inv_mpu.o
                0x000000000800274c                mpu_get_gyro_sens
 .text.mpu_get_accel_sens
                0x00000000080027bc       0x7c ./Core/Src/inv_mpu.o
                0x00000000080027bc                mpu_get_accel_sens
 .text.mpu_configure_fifo
                0x0000000008002838       0xa4 ./Core/Src/inv_mpu.o
                0x0000000008002838                mpu_configure_fifo
 .text.mpu_set_sensors
                0x00000000080028dc      0x124 ./Core/Src/inv_mpu.o
                0x00000000080028dc                mpu_set_sensors
 .text.mpu_read_fifo_stream
                0x0000000008002a00       0xfc ./Core/Src/inv_mpu.o
                0x0000000008002a00                mpu_read_fifo_stream
 .text.mpu_set_bypass
                0x0000000008002afc      0x18c ./Core/Src/inv_mpu.o
                0x0000000008002afc                mpu_set_bypass
 .text.mpu_set_int_latched
                0x0000000008002c88       0x88 ./Core/Src/inv_mpu.o
                0x0000000008002c88                mpu_set_int_latched
 .text.mpu_write_mem
                0x0000000008002d10       0xa4 ./Core/Src/inv_mpu.o
                0x0000000008002d10                mpu_write_mem
 .text.mpu_read_mem
                0x0000000008002db4       0xa4 ./Core/Src/inv_mpu.o
                0x0000000008002db4                mpu_read_mem
 .text.mpu_load_firmware
                0x0000000008002e58      0x100 ./Core/Src/inv_mpu.o
                0x0000000008002e58                mpu_load_firmware
 .text.mpu_set_dmp_state
                0x0000000008002f58       0xa8 ./Core/Src/inv_mpu.o
                0x0000000008002f58                mpu_set_dmp_state
 .text.setup_compass
                0x0000000008003000      0x27c ./Core/Src/inv_mpu.o
 .text.mpu_get_compass_reg
                0x000000000800327c      0x130 ./Core/Src/inv_mpu.o
                0x000000000800327c                mpu_get_compass_reg
 .text.dmp_load_motion_driver_firmware
                0x00000000080033ac       0x20 ./Core/Src/inv_mpu_dmp_motion_driver.o
                0x00000000080033ac                dmp_load_motion_driver_firmware
 .text.dmp_set_fifo_rate
                0x00000000080033cc       0x90 ./Core/Src/inv_mpu_dmp_motion_driver.o
                0x00000000080033cc                dmp_set_fifo_rate
 .text.dmp_set_tap_thresh
                0x000000000800345c      0x254 ./Core/Src/inv_mpu_dmp_motion_driver.o
                0x000000000800345c                dmp_set_tap_thresh
 .text.dmp_set_tap_axes
                0x00000000080036b0       0x64 ./Core/Src/inv_mpu_dmp_motion_driver.o
                0x00000000080036b0                dmp_set_tap_axes
 .text.dmp_set_tap_count
                0x0000000008003714       0x42 ./Core/Src/inv_mpu_dmp_motion_driver.o
                0x0000000008003714                dmp_set_tap_count
 *fill*         0x0000000008003756        0x2 
 .text.dmp_set_tap_time
                0x0000000008003758       0x44 ./Core/Src/inv_mpu_dmp_motion_driver.o
                0x0000000008003758                dmp_set_tap_time
 .text.dmp_set_tap_time_multi
                0x000000000800379c       0x44 ./Core/Src/inv_mpu_dmp_motion_driver.o
                0x000000000800379c                dmp_set_tap_time_multi
 .text.dmp_set_shake_reject_thresh
                0x00000000080037e0       0x60 ./Core/Src/inv_mpu_dmp_motion_driver.o
                0x00000000080037e0                dmp_set_shake_reject_thresh
 .text.dmp_set_shake_reject_time
                0x0000000008003840       0x44 ./Core/Src/inv_mpu_dmp_motion_driver.o
                0x0000000008003840                dmp_set_shake_reject_time
 .text.dmp_set_shake_reject_timeout
                0x0000000008003884       0x44 ./Core/Src/inv_mpu_dmp_motion_driver.o
                0x0000000008003884                dmp_set_shake_reject_timeout
 .text.dmp_enable_feature
                0x00000000080038c8      0x250 ./Core/Src/inv_mpu_dmp_motion_driver.o
                0x00000000080038c8                dmp_enable_feature
 .text.dmp_enable_gyro_cal
                0x0000000008003b18       0x60 ./Core/Src/inv_mpu_dmp_motion_driver.o
                0x0000000008003b18                dmp_enable_gyro_cal
 .text.dmp_enable_lp_quat
                0x0000000008003b78       0x4e ./Core/Src/inv_mpu_dmp_motion_driver.o
                0x0000000008003b78                dmp_enable_lp_quat
 .text.dmp_enable_6x_lp_quat
                0x0000000008003bc6       0x4e ./Core/Src/inv_mpu_dmp_motion_driver.o
                0x0000000008003bc6                dmp_enable_6x_lp_quat
 .text.decode_gesture
                0x0000000008003c14       0x88 ./Core/Src/inv_mpu_dmp_motion_driver.o
 .text.dmp_read_fifo
                0x0000000008003c9c      0x2f0 ./Core/Src/inv_mpu_dmp_motion_driver.o
                0x0000000008003c9c                dmp_read_fifo
 .text.HAL_UART_RxCpltCallback
                0x0000000008003f8c      0x104 ./Core/Src/main.o
                0x0000000008003f8c                HAL_UART_RxCpltCallback
 .text.calculate_angle_error
                0x0000000008004090       0x64 ./Core/Src/main.o
                0x0000000008004090                calculate_angle_error
 .text.move_forward
                0x00000000080040f4       0x74 ./Core/Src/main.o
                0x00000000080040f4                move_forward
 .text.turn_degrees
                0x0000000008004168       0x88 ./Core/Src/main.o
                0x0000000008004168                turn_degrees
 .text.I2C_Scan
                0x00000000080041f0       0xa0 ./Core/Src/main.o
                0x00000000080041f0                I2C_Scan
 .text.set_motor_direction
                0x0000000008004290       0x70 ./Core/Src/main.o
                0x0000000008004290                set_motor_direction
 .text.set_speed
                0x0000000008004300       0xb4 ./Core/Src/main.o
                0x0000000008004300                set_speed
 .text.update_servo_position
                0x00000000080043b4       0xdc ./Core/Src/main.o
                0x00000000080043b4                update_servo_position
 .text.HAL_GPIO_EXTI_Callback
                0x0000000008004490       0xbc ./Core/Src/main.o
                0x0000000008004490                HAL_GPIO_EXTI_Callback
 .text.main     0x000000000800454c      0x2ec ./Core/Src/main.o
                0x000000000800454c                main
 .text.SystemClock_Config
                0x0000000008004838       0x8a ./Core/Src/main.o
                0x0000000008004838                SystemClock_Config
 *fill*         0x00000000080048c2        0x2 
 .text.MX_I2C2_Init
                0x00000000080048c4       0x5c ./Core/Src/main.o
 .text.MX_TIM1_Init
                0x0000000008004920      0x140 ./Core/Src/main.o
 .text.MX_TIM2_Init
                0x0000000008004a60       0xec ./Core/Src/main.o
 .text.MX_TIM3_Init
                0x0000000008004b4c       0x9c ./Core/Src/main.o
 .text.MX_USART1_UART_Init
                0x0000000008004be8       0x64 ./Core/Src/main.o
 .text.MX_GPIO_Init
                0x0000000008004c4c      0x118 ./Core/Src/main.o
 .text.parse_command
                0x0000000008004d64       0x52 ./Core/Src/main.o
                0x0000000008004d64                parse_command
 *fill*         0x0000000008004db6        0x2 
 .text.process_received_command
                0x0000000008004db8      0x16c ./Core/Src/main.o
                0x0000000008004db8                process_received_command
 .text.send_data_over_bluetooth
                0x0000000008004f24       0xd8 ./Core/Src/main.o
                0x0000000008004f24                send_data_over_bluetooth
 .text.StartUartTask
                0x0000000008004ffc       0x24 ./Core/Src/main.o
                0x0000000008004ffc                StartUartTask
 .text.StartServoTask
                0x0000000008005020      0x1c8 ./Core/Src/main.o
                0x0000000008005020                StartServoTask
 .text.StartMotorTask
                0x00000000080051e8       0xb4 ./Core/Src/main.o
                0x00000000080051e8                StartMotorTask
 .text.StartUltrasonicoTask
                0x000000000800529c       0x22 ./Core/Src/main.o
                0x000000000800529c                StartUltrasonicoTask
 *fill*         0x00000000080052be        0x2 
 .text.StartEncoderTask
                0x00000000080052c0       0x64 ./Core/Src/main.o
                0x00000000080052c0                StartEncoderTask
 .text.normalize_angle.9860
                0x0000000008005324       0x54 ./Core/Src/main.o
 .text.StartMPU9250Task
                0x0000000008005378       0xe4 ./Core/Src/main.o
                0x0000000008005378                StartMPU9250Task
 .text.StartBluetoothTask
                0x000000000800545c       0x24 ./Core/Src/main.o
                0x000000000800545c                StartBluetoothTask
 .text.Error_Handler
                0x0000000008005480        0xa ./Core/Src/main.o
                0x0000000008005480                Error_Handler
 .text.stm32_get_clock_ms
                0x000000000800548a       0x1c ./Core/Src/stm32_mpu9250_clk.o
                0x000000000800548a                stm32_get_clock_ms
 .text.stm32_delay_ms
                0x00000000080054a6       0x18 ./Core/Src/stm32_mpu9250_clk.o
                0x00000000080054a6                stm32_delay_ms
 .text.I2C_ClearBusyFlagErratum
                0x00000000080054be       0x14 ./Core/Src/stm32_mpu9250_i2c.o
 *fill*         0x00000000080054d2        0x2 
 .text.stm32_i2c_write
                0x00000000080054d4       0xcc ./Core/Src/stm32_mpu9250_i2c.o
                0x00000000080054d4                stm32_i2c_write
 .text.stm32_i2c_read
                0x00000000080055a0       0x78 ./Core/Src/stm32_mpu9250_i2c.o
                0x00000000080055a0                stm32_i2c_read
 .text.HAL_MspInit
                0x0000000008005618       0x70 ./Core/Src/stm32f1xx_hal_msp.o
                0x0000000008005618                HAL_MspInit
 .text.HAL_I2C_MspInit
                0x0000000008005688       0x80 ./Core/Src/stm32f1xx_hal_msp.o
                0x0000000008005688                HAL_I2C_MspInit
 .text.HAL_TIM_Base_MspInit
                0x0000000008005708       0x88 ./Core/Src/stm32f1xx_hal_msp.o
                0x0000000008005708                HAL_TIM_Base_MspInit
 .text.HAL_TIM_MspPostInit
                0x0000000008005790       0xa4 ./Core/Src/stm32f1xx_hal_msp.o
                0x0000000008005790                HAL_TIM_MspPostInit
 .text.HAL_UART_MspInit
                0x0000000008005834       0xa8 ./Core/Src/stm32f1xx_hal_msp.o
                0x0000000008005834                HAL_UART_MspInit
 .text.NMI_Handler
                0x00000000080058dc        0x6 ./Core/Src/stm32f1xx_it.o
                0x00000000080058dc                NMI_Handler
 .text.HardFault_Handler
                0x00000000080058e2        0x6 ./Core/Src/stm32f1xx_it.o
                0x00000000080058e2                HardFault_Handler
 .text.MemManage_Handler
                0x00000000080058e8        0x6 ./Core/Src/stm32f1xx_it.o
                0x00000000080058e8                MemManage_Handler
 .text.BusFault_Handler
                0x00000000080058ee        0x6 ./Core/Src/stm32f1xx_it.o
                0x00000000080058ee                BusFault_Handler
 .text.UsageFault_Handler
                0x00000000080058f4        0x6 ./Core/Src/stm32f1xx_it.o
                0x00000000080058f4                UsageFault_Handler
 .text.DebugMon_Handler
                0x00000000080058fa        0xc ./Core/Src/stm32f1xx_it.o
                0x00000000080058fa                DebugMon_Handler
 .text.SysTick_Handler
                0x0000000008005906       0x1a ./Core/Src/stm32f1xx_it.o
                0x0000000008005906                SysTick_Handler
 .text.EXTI3_IRQHandler
                0x0000000008005920        0xe ./Core/Src/stm32f1xx_it.o
                0x0000000008005920                EXTI3_IRQHandler
 *fill*         0x000000000800592e        0x2 
 .text.USART1_IRQHandler
                0x0000000008005930       0x14 ./Core/Src/stm32f1xx_it.o
                0x0000000008005930                USART1_IRQHandler
 .text._sbrk    0x0000000008005944       0x6c ./Core/Src/sysmem.o
                0x0000000008005944                _sbrk
 .text.SystemInit
                0x00000000080059b0        0xc ./Core/Src/system_stm32f1xx.o
                0x00000000080059b0                SystemInit
 .text.ultrasonic_init
                0x00000000080059bc       0x20 ./Core/Src/ultrasonico.o
                0x00000000080059bc                ultrasonic_init
 *fill*         0x00000000080059dc        0x4 
 .text.ultrasonic_measure_distance
                0x00000000080059e0       0xf0 ./Core/Src/ultrasonico.o
                0x00000000080059e0                ultrasonic_measure_distance
 .text.Reset_Handler
                0x0000000008005ad0       0x48 ./Core/Startup/startup_stm32f103c8tx.o
                0x0000000008005ad0                Reset_Handler
 .text.Default_Handler
                0x0000000008005b18        0x2 ./Core/Startup/startup_stm32f103c8tx.o
                0x0000000008005b18                RTC_Alarm_IRQHandler
                0x0000000008005b18                EXTI2_IRQHandler
                0x0000000008005b18                TIM1_CC_IRQHandler
                0x0000000008005b18                PVD_IRQHandler
                0x0000000008005b18                EXTI0_IRQHandler
                0x0000000008005b18                I2C2_EV_IRQHandler
                0x0000000008005b18                ADC1_2_IRQHandler
                0x0000000008005b18                SPI1_IRQHandler
                0x0000000008005b18                TAMPER_IRQHandler
                0x0000000008005b18                DMA1_Channel4_IRQHandler
                0x0000000008005b18                USART3_IRQHandler
                0x0000000008005b18                RTC_IRQHandler
                0x0000000008005b18                DMA1_Channel7_IRQHandler
                0x0000000008005b18                CAN1_RX1_IRQHandler
                0x0000000008005b18                TIM4_IRQHandler
                0x0000000008005b18                I2C1_EV_IRQHandler
                0x0000000008005b18                DMA1_Channel6_IRQHandler
                0x0000000008005b18                TIM3_IRQHandler
                0x0000000008005b18                RCC_IRQHandler
                0x0000000008005b18                TIM1_TRG_COM_IRQHandler
                0x0000000008005b18                DMA1_Channel1_IRQHandler
                0x0000000008005b18                Default_Handler
                0x0000000008005b18                EXTI15_10_IRQHandler
                0x0000000008005b18                EXTI9_5_IRQHandler
                0x0000000008005b18                SPI2_IRQHandler
                0x0000000008005b18                DMA1_Channel5_IRQHandler
                0x0000000008005b18                EXTI4_IRQHandler
                0x0000000008005b18                USB_LP_CAN1_RX0_IRQHandler
                0x0000000008005b18                USB_HP_CAN1_TX_IRQHandler
                0x0000000008005b18                DMA1_Channel3_IRQHandler
                0x0000000008005b18                TIM1_UP_IRQHandler
                0x0000000008005b18                WWDG_IRQHandler
                0x0000000008005b18                TIM2_IRQHandler
                0x0000000008005b18                TIM1_BRK_IRQHandler
                0x0000000008005b18                EXTI1_IRQHandler
                0x0000000008005b18                USART2_IRQHandler
                0x0000000008005b18                I2C2_ER_IRQHandler
                0x0000000008005b18                DMA1_Channel2_IRQHandler
                0x0000000008005b18                CAN1_SCE_IRQHandler
                0x0000000008005b18                FLASH_IRQHandler
                0x0000000008005b18                I2C1_ER_IRQHandler
                0x0000000008005b18                USBWakeUp_IRQHandler
 *fill*         0x0000000008005b1a        0x2 
 .text.HAL_Init
                0x0000000008005b1c       0x2c ./Drivers/STM32F1xx_HAL_Driver/Src/stm32f1xx_hal.o
                0x0000000008005b1c                HAL_Init
 .text.HAL_InitTick
                0x0000000008005b48       0x60 ./Drivers/STM32F1xx_HAL_Driver/Src/stm32f1xx_hal.o
                0x0000000008005b48                HAL_InitTick
 .text.HAL_IncTick
                0x0000000008005ba8       0x24 ./Drivers/STM32F1xx_HAL_Driver/Src/stm32f1xx_hal.o
                0x0000000008005ba8                HAL_IncTick
 .text.HAL_GetTick
                0x0000000008005bcc       0x14 ./Drivers/STM32F1xx_HAL_Driver/Src/stm32f1xx_hal.o
                0x0000000008005bcc                HAL_GetTick
 .text.HAL_Delay
                0x0000000008005be0       0x48 ./Drivers/STM32F1xx_HAL_Driver/Src/stm32f1xx_hal.o
                0x0000000008005be0                HAL_Delay
 .text.__NVIC_SetPriorityGrouping
                0x0000000008005c28       0x48 ./Drivers/STM32F1xx_HAL_Driver/Src/stm32f1xx_hal_cortex.o
 .text.__NVIC_GetPriorityGrouping
                0x0000000008005c70       0x1c ./Drivers/STM32F1xx_HAL_Driver/Src/stm32f1xx_hal_cortex.o
 .text.__NVIC_EnableIRQ
                0x0000000008005c8c       0x38 ./Drivers/STM32F1xx_HAL_Driver/Src/stm32f1xx_hal_cortex.o
 .text.__NVIC_SetPriority
                0x0000000008005cc4       0x54 ./Drivers/STM32F1xx_HAL_Driver/Src/stm32f1xx_hal_cortex.o
 .text.NVIC_EncodePriority
                0x0000000008005d18       0x64 ./Drivers/STM32F1xx_HAL_Driver/Src/stm32f1xx_hal_cortex.o
 .text.SysTick_Config
                0x0000000008005d7c       0x44 ./Drivers/STM32F1xx_HAL_Driver/Src/stm32f1xx_hal_cortex.o
 .text.HAL_NVIC_SetPriorityGrouping
                0x0000000008005dc0       0x16 ./Drivers/STM32F1xx_HAL_Driver/Src/stm32f1xx_hal_cortex.o
                0x0000000008005dc0                HAL_NVIC_SetPriorityGrouping
 .text.HAL_NVIC_SetPriority
                0x0000000008005dd6       0x38 ./Drivers/STM32F1xx_HAL_Driver/Src/stm32f1xx_hal_cortex.o
                0x0000000008005dd6                HAL_NVIC_SetPriority
 .text.HAL_NVIC_EnableIRQ
                0x0000000008005e0e       0x1c ./Drivers/STM32F1xx_HAL_Driver/Src/stm32f1xx_hal_cortex.o
                0x0000000008005e0e                HAL_NVIC_EnableIRQ
 .text.HAL_SYSTICK_Config
                0x0000000008005e2a       0x18 ./Drivers/STM32F1xx_HAL_Driver/Src/stm32f1xx_hal_cortex.o
                0x0000000008005e2a                HAL_SYSTICK_Config
 .text.HAL_DMA_Abort
                0x0000000008005e42       0x76 ./Drivers/STM32F1xx_HAL_Driver/Src/stm32f1xx_hal_dma.o
                0x0000000008005e42                HAL_DMA_Abort
 .text.HAL_DMA_Abort_IT
                0x0000000008005eb8       0xf0 ./Drivers/STM32F1xx_HAL_Driver/Src/stm32f1xx_hal_dma.o
                0x0000000008005eb8                HAL_DMA_Abort_IT
 .text.HAL_GPIO_Init
                0x0000000008005fa8      0x308 ./Drivers/STM32F1xx_HAL_Driver/Src/stm32f1xx_hal_gpio.o
                0x0000000008005fa8                HAL_GPIO_Init
 .text.HAL_GPIO_ReadPin
                0x00000000080062b0       0x2e ./Drivers/STM32F1xx_HAL_Driver/Src/stm32f1xx_hal_gpio.o
                0x00000000080062b0                HAL_GPIO_ReadPin
 .text.HAL_GPIO_WritePin
                0x00000000080062de       0x30 ./Drivers/STM32F1xx_HAL_Driver/Src/stm32f1xx_hal_gpio.o
                0x00000000080062de                HAL_GPIO_WritePin
 *fill*         0x000000000800630e        0x2 
 .text.HAL_GPIO_EXTI_IRQHandler
                0x0000000008006310       0x30 ./Drivers/STM32F1xx_HAL_Driver/Src/stm32f1xx_hal_gpio.o
                0x0000000008006310                HAL_GPIO_EXTI_IRQHandler
 .text.HAL_I2C_Init
                0x0000000008006340      0x288 ./Drivers/STM32F1xx_HAL_Driver/Src/stm32f1xx_hal_i2c.o
                0x0000000008006340                HAL_I2C_Init
 .text.HAL_I2C_Master_Transmit
                0x00000000080065c8      0x1fc ./Drivers/STM32F1xx_HAL_Driver/Src/stm32f1xx_hal_i2c.o
                0x00000000080065c8                HAL_I2C_Master_Transmit
 .text.HAL_I2C_Master_Receive
                0x00000000080067c4      0x4d8 ./Drivers/STM32F1xx_HAL_Driver/Src/stm32f1xx_hal_i2c.o
                0x00000000080067c4                HAL_I2C_Master_Receive
 .text.HAL_I2C_IsDeviceReady
                0x0000000008006c9c      0x25c ./Drivers/STM32F1xx_HAL_Driver/Src/stm32f1xx_hal_i2c.o
                0x0000000008006c9c                HAL_I2C_IsDeviceReady
 .text.I2C_MasterRequestWrite
                0x0000000008006ef8      0x104 ./Drivers/STM32F1xx_HAL_Driver/Src/stm32f1xx_hal_i2c.o
 .text.I2C_MasterRequestRead
                0x0000000008006ffc      0x19c ./Drivers/STM32F1xx_HAL_Driver/Src/stm32f1xx_hal_i2c.o
 .text.I2C_WaitOnFlagUntilTimeout
                0x0000000008007198       0xf4 ./Drivers/STM32F1xx_HAL_Driver/Src/stm32f1xx_hal_i2c.o
 .text.I2C_WaitOnMasterAddressFlagUntilTimeout
                0x000000000800728c      0x140 ./Drivers/STM32F1xx_HAL_Driver/Src/stm32f1xx_hal_i2c.o
 .text.I2C_WaitOnTXEFlagUntilTimeout
                0x00000000080073cc       0x90 ./Drivers/STM32F1xx_HAL_Driver/Src/stm32f1xx_hal_i2c.o
 .text.I2C_WaitOnBTFFlagUntilTimeout
                0x000000000800745c       0x90 ./Drivers/STM32F1xx_HAL_Driver/Src/stm32f1xx_hal_i2c.o
 .text.I2C_WaitOnRXNEFlagUntilTimeout
                0x00000000080074ec       0xba ./Drivers/STM32F1xx_HAL_Driver/Src/stm32f1xx_hal_i2c.o
 .text.I2C_IsAcknowledgeFailed
                0x00000000080075a6       0x5c ./Drivers/STM32F1xx_HAL_Driver/Src/stm32f1xx_hal_i2c.o
 *fill*         0x0000000008007602        0x2 
 .text.HAL_RCC_OscConfig
                0x0000000008007604      0x500 ./Drivers/STM32F1xx_HAL_Driver/Src/stm32f1xx_hal_rcc.o
                0x0000000008007604                HAL_RCC_OscConfig
 .text.HAL_RCC_ClockConfig
                0x0000000008007b04      0x1d4 ./Drivers/STM32F1xx_HAL_Driver/Src/stm32f1xx_hal_rcc.o
                0x0000000008007b04                HAL_RCC_ClockConfig
 .text.HAL_RCC_GetSysClockFreq
                0x0000000008007cd8       0xa8 ./Drivers/STM32F1xx_HAL_Driver/Src/stm32f1xx_hal_rcc.o
                0x0000000008007cd8                HAL_RCC_GetSysClockFreq
 .text.HAL_RCC_GetHCLKFreq
                0x0000000008007d80       0x14 ./Drivers/STM32F1xx_HAL_Driver/Src/stm32f1xx_hal_rcc.o
                0x0000000008007d80                HAL_RCC_GetHCLKFreq
 .text.HAL_RCC_GetPCLK1Freq
                0x0000000008007d94       0x28 ./Drivers/STM32F1xx_HAL_Driver/Src/stm32f1xx_hal_rcc.o
                0x0000000008007d94                HAL_RCC_GetPCLK1Freq
 .text.HAL_RCC_GetPCLK2Freq
                0x0000000008007dbc       0x28 ./Drivers/STM32F1xx_HAL_Driver/Src/stm32f1xx_hal_rcc.o
                0x0000000008007dbc                HAL_RCC_GetPCLK2Freq
 .text.RCC_Delay
                0x0000000008007de4       0x3c ./Drivers/STM32F1xx_HAL_Driver/Src/stm32f1xx_hal_rcc.o
 .text.HAL_TIM_Base_Init
                0x0000000008007e20       0x9e ./Drivers/STM32F1xx_HAL_Driver/Src/stm32f1xx_hal_tim.o
                0x0000000008007e20                HAL_TIM_Base_Init
 *fill*         0x0000000008007ebe        0x2 
 .text.HAL_TIM_Base_Start
                0x0000000008007ec0       0x94 ./Drivers/STM32F1xx_HAL_Driver/Src/stm32f1xx_hal_tim.o
                0x0000000008007ec0                HAL_TIM_Base_Start
 .text.HAL_TIM_PWM_Init
                0x0000000008007f54       0x9e ./Drivers/STM32F1xx_HAL_Driver/Src/stm32f1xx_hal_tim.o
                0x0000000008007f54                HAL_TIM_PWM_Init
 .text.HAL_TIM_PWM_MspInit
                0x0000000008007ff2       0x12 ./Drivers/STM32F1xx_HAL_Driver/Src/stm32f1xx_hal_tim.o
                0x0000000008007ff2                HAL_TIM_PWM_MspInit
 .text.HAL_TIM_PWM_Start
                0x0000000008008004      0x144 ./Drivers/STM32F1xx_HAL_Driver/Src/stm32f1xx_hal_tim.o
                0x0000000008008004                HAL_TIM_PWM_Start
 .text.HAL_TIM_PWM_ConfigChannel
                0x0000000008008148      0x184 ./Drivers/STM32F1xx_HAL_Driver/Src/stm32f1xx_hal_tim.o
                0x0000000008008148                HAL_TIM_PWM_ConfigChannel
 .text.HAL_TIM_ConfigClockSource
                0x00000000080082cc      0x18e ./Drivers/STM32F1xx_HAL_Driver/Src/stm32f1xx_hal_tim.o
                0x00000000080082cc                HAL_TIM_ConfigClockSource
 *fill*         0x000000000800845a        0x2 
 .text.TIM_Base_SetConfig
                0x000000000800845c       0xdc ./Drivers/STM32F1xx_HAL_Driver/Src/stm32f1xx_hal_tim.o
                0x000000000800845c                TIM_Base_SetConfig
 .text.TIM_OC1_SetConfig
                0x0000000008008538       0xcc ./Drivers/STM32F1xx_HAL_Driver/Src/stm32f1xx_hal_tim.o
 .text.TIM_OC2_SetConfig
                0x0000000008008604       0xd4 ./Drivers/STM32F1xx_HAL_Driver/Src/stm32f1xx_hal_tim.o
                0x0000000008008604                TIM_OC2_SetConfig
 .text.TIM_OC3_SetConfig
                0x00000000080086d8       0xd4 ./Drivers/STM32F1xx_HAL_Driver/Src/stm32f1xx_hal_tim.o
 .text.TIM_OC4_SetConfig
                0x00000000080087ac       0x9c ./Drivers/STM32F1xx_HAL_Driver/Src/stm32f1xx_hal_tim.o
 .text.TIM_TI1_ConfigInputStage
                0x0000000008008848       0x5c ./Drivers/STM32F1xx_HAL_Driver/Src/stm32f1xx_hal_tim.o
 .text.TIM_TI2_ConfigInputStage
                0x00000000080088a4       0x5e ./Drivers/STM32F1xx_HAL_Driver/Src/stm32f1xx_hal_tim.o
 .text.TIM_ITRx_SetConfig
                0x0000000008008902       0x34 ./Drivers/STM32F1xx_HAL_Driver/Src/stm32f1xx_hal_tim.o
 .text.TIM_ETR_SetConfig
                0x0000000008008936       0x3e ./Drivers/STM32F1xx_HAL_Driver/Src/stm32f1xx_hal_tim.o
                0x0000000008008936                TIM_ETR_SetConfig
 .text.TIM_CCxChannelCmd
                0x0000000008008974       0x48 ./Drivers/STM32F1xx_HAL_Driver/Src/stm32f1xx_hal_tim.o
                0x0000000008008974                TIM_CCxChannelCmd
 .text.HAL_TIMEx_MasterConfigSynchronization
                0x00000000080089bc       0xbc ./Drivers/STM32F1xx_HAL_Driver/Src/stm32f1xx_hal_tim_ex.o
                0x00000000080089bc                HAL_TIMEx_MasterConfigSynchronization
 .text.HAL_TIMEx_ConfigBreakDeadTime
                0x0000000008008a78       0xa2 ./Drivers/STM32F1xx_HAL_Driver/Src/stm32f1xx_hal_tim_ex.o
                0x0000000008008a78                HAL_TIMEx_ConfigBreakDeadTime
 .text.HAL_UART_Init
                0x0000000008008b1a       0xa0 ./Drivers/STM32F1xx_HAL_Driver/Src/stm32f1xx_hal_uart.o
                0x0000000008008b1a                HAL_UART_Init
 .text.HAL_UART_Transmit
                0x0000000008008bba      0x116 ./Drivers/STM32F1xx_HAL_Driver/Src/stm32f1xx_hal_uart.o
                0x0000000008008bba                HAL_UART_Transmit
 .text.HAL_UART_Receive_IT
                0x0000000008008cd0       0x4a ./Drivers/STM32F1xx_HAL_Driver/Src/stm32f1xx_hal_uart.o
                0x0000000008008cd0                HAL_UART_Receive_IT
 *fill*         0x0000000008008d1a        0x2 
 .text.HAL_UART_IRQHandler
                0x0000000008008d1c      0x524 ./Drivers/STM32F1xx_HAL_Driver/Src/stm32f1xx_hal_uart.o
                0x0000000008008d1c                HAL_UART_IRQHandler
 .text.HAL_UART_TxCpltCallback
                0x0000000008009240       0x12 ./Drivers/STM32F1xx_HAL_Driver/Src/stm32f1xx_hal_uart.o
                0x0000000008009240                HAL_UART_TxCpltCallback
 .text.HAL_UART_ErrorCallback
                0x0000000008009252       0x12 ./Drivers/STM32F1xx_HAL_Driver/Src/stm32f1xx_hal_uart.o
                0x0000000008009252                HAL_UART_ErrorCallback
 .text.HAL_UARTEx_RxEventCallback
                0x0000000008009264       0x16 ./Drivers/STM32F1xx_HAL_Driver/Src/stm32f1xx_hal_uart.o
                0x0000000008009264                HAL_UARTEx_RxEventCallback
 .text.UART_WaitOnFlagUntilTimeout
                0x000000000800927a       0xb2 ./Drivers/STM32F1xx_HAL_Driver/Src/stm32f1xx_hal_uart.o
 .text.UART_Start_Receive_IT
                0x000000000800932c       0x72 ./Drivers/STM32F1xx_HAL_Driver/Src/stm32f1xx_hal_uart.o
                0x000000000800932c                UART_Start_Receive_IT
 .text.UART_EndRxTransfer
                0x000000000800939e       0xc4 ./Drivers/STM32F1xx_HAL_Driver/Src/stm32f1xx_hal_uart.o
 .text.UART_DMAAbortOnError
                0x0000000008009462       0x28 ./Drivers/STM32F1xx_HAL_Driver/Src/stm32f1xx_hal_uart.o
 .text.UART_Transmit_IT
                0x000000000800948a       0x9e ./Drivers/STM32F1xx_HAL_Driver/Src/stm32f1xx_hal_uart.o
 .text.UART_EndTransmit_IT
                0x0000000008009528       0x30 ./Drivers/STM32F1xx_HAL_Driver/Src/stm32f1xx_hal_uart.o
 .text.UART_Receive_IT
                0x0000000008009558      0x17c ./Drivers/STM32F1xx_HAL_Driver/Src/stm32f1xx_hal_uart.o
 .text.UART_SetConfig
                0x00000000080096d4      0x11c ./Drivers/STM32F1xx_HAL_Driver/Src/stm32f1xx_hal_uart.o
 .text.makeFreeRtosPriority
                0x00000000080097f0       0x2e ./Middlewares/Third_Party/FreeRTOS/Source/CMSIS_RTOS/cmsis_os.o
 .text.osKernelStart
                0x000000000800981e        0xe ./Middlewares/Third_Party/FreeRTOS/Source/CMSIS_RTOS/cmsis_os.o
                0x000000000800981e                osKernelStart
 .text.osThreadCreate
                0x000000000800982c       0x98 ./Middlewares/Third_Party/FreeRTOS/Source/CMSIS_RTOS/cmsis_os.o
                0x000000000800982c                osThreadCreate
 .text.osDelay  0x00000000080098c4       0x28 ./Middlewares/Third_Party/FreeRTOS/Source/CMSIS_RTOS/cmsis_os.o
                0x00000000080098c4                osDelay
 .text.vListInitialise
                0x00000000080098ec       0x3e ./Middlewares/Third_Party/FreeRTOS/Source/list.o
                0x00000000080098ec                vListInitialise
 .text.vListInitialiseItem
                0x000000000800992a       0x18 ./Middlewares/Third_Party/FreeRTOS/Source/list.o
                0x000000000800992a                vListInitialiseItem
 .text.vListInsertEnd
                0x0000000008009942       0x46 ./Middlewares/Third_Party/FreeRTOS/Source/list.o
                0x0000000008009942                vListInsertEnd
 .text.vListInsert
                0x0000000008009988       0x70 ./Middlewares/Third_Party/FreeRTOS/Source/list.o
                0x0000000008009988                vListInsert
 .text.uxListRemove
                0x00000000080099f8       0x52 ./Middlewares/Third_Party/FreeRTOS/Source/list.o
                0x00000000080099f8                uxListRemove
 .text.xTaskCreateStatic
                0x0000000008009a4a       0xba ./Middlewares/Third_Party/FreeRTOS/Source/tasks.o
                0x0000000008009a4a                xTaskCreateStatic
 .text.xTaskCreate
                0x0000000008009b04       0x8a ./Middlewares/Third_Party/FreeRTOS/Source/tasks.o
                0x0000000008009b04                xTaskCreate
 .text.prvInitialiseNewTask
                0x0000000008009b8e      0x10e ./Middlewares/Third_Party/FreeRTOS/Source/tasks.o
 .text.prvAddNewTaskToReadyList
                0x0000000008009c9c       0xd4 ./Middlewares/Third_Party/FreeRTOS/Source/tasks.o
 .text.vTaskDelay
                0x0000000008009d70       0x68 ./Middlewares/Third_Party/FreeRTOS/Source/tasks.o
                0x0000000008009d70                vTaskDelay
 .text.vTaskStartScheduler
                0x0000000008009dd8       0xc0 ./Middlewares/Third_Party/FreeRTOS/Source/tasks.o
                0x0000000008009dd8                vTaskStartScheduler
 .text.vTaskSuspendAll
                0x0000000008009e98       0x1c ./Middlewares/Third_Party/FreeRTOS/Source/tasks.o
                0x0000000008009e98                vTaskSuspendAll
 .text.xTaskResumeAll
                0x0000000008009eb4      0x138 ./Middlewares/Third_Party/FreeRTOS/Source/tasks.o
                0x0000000008009eb4                xTaskResumeAll
 .text.xTaskIncrementTick
                0x0000000008009fec      0x170 ./Middlewares/Third_Party/FreeRTOS/Source/tasks.o
                0x0000000008009fec                xTaskIncrementTick
 .text.vTaskSwitchContext
                0x000000000800a15c       0xb4 ./Middlewares/Third_Party/FreeRTOS/Source/tasks.o
                0x000000000800a15c                vTaskSwitchContext
 .text.prvIdleTask
                0x000000000800a210       0x30 ./Middlewares/Third_Party/FreeRTOS/Source/tasks.o
 .text.prvInitialiseTaskLists
                0x000000000800a240       0x80 ./Middlewares/Third_Party/FreeRTOS/Source/tasks.o
 .text.prvCheckTasksWaitingTermination
                0x000000000800a2c0       0x5c ./Middlewares/Third_Party/FreeRTOS/Source/tasks.o
 .text.prvDeleteTCB
                0x000000000800a31c       0x5e ./Middlewares/Third_Party/FreeRTOS/Source/tasks.o
 *fill*         0x000000000800a37a        0x2 
 .text.prvResetNextTaskUnblockTime
                0x000000000800a37c       0x40 ./Middlewares/Third_Party/FreeRTOS/Source/tasks.o
 .text.xTaskGetSchedulerState
                0x000000000800a3bc       0x3c ./Middlewares/Third_Party/FreeRTOS/Source/tasks.o
                0x000000000800a3bc                xTaskGetSchedulerState
 .text.prvAddCurrentTaskToDelayedList
                0x000000000800a3f8       0xcc ./Middlewares/Third_Party/FreeRTOS/Source/tasks.o
 .text.pxPortInitialiseStack
                0x000000000800a4c4       0x58 ./Middlewares/Third_Party/FreeRTOS/Source/portable/GCC/ARM_CM3/port.o
                0x000000000800a4c4                pxPortInitialiseStack
 .text.prvTaskExitError
                0x000000000800a51c       0x58 ./Middlewares/Third_Party/FreeRTOS/Source/portable/GCC/ARM_CM3/port.o
 *fill*         0x000000000800a574        0xc 
 .text.SVC_Handler
                0x000000000800a580       0x28 ./Middlewares/Third_Party/FreeRTOS/Source/portable/GCC/ARM_CM3/port.o
                0x000000000800a580                SVC_Handler
 .text.prvPortStartFirstTask
                0x000000000800a5a8       0x20 ./Middlewares/Third_Party/FreeRTOS/Source/portable/GCC/ARM_CM3/port.o
 .text.xPortStartScheduler
                0x000000000800a5c8       0xe4 ./Middlewares/Third_Party/FreeRTOS/Source/portable/GCC/ARM_CM3/port.o
                0x000000000800a5c8                xPortStartScheduler
 .text.vPortEnterCritical
                0x000000000800a6ac       0x60 ./Middlewares/Third_Party/FreeRTOS/Source/portable/GCC/ARM_CM3/port.o
                0x000000000800a6ac                vPortEnterCritical
 .text.vPortExitCritical
                0x000000000800a70c       0x50 ./Middlewares/Third_Party/FreeRTOS/Source/portable/GCC/ARM_CM3/port.o
                0x000000000800a70c                vPortExitCritical
 *fill*         0x000000000800a75c        0x4 
 .text.PendSV_Handler
                0x000000000800a760       0x48 ./Middlewares/Third_Party/FreeRTOS/Source/portable/GCC/ARM_CM3/port.o
                0x000000000800a760                PendSV_Handler
 .text.xPortSysTickHandler
                0x000000000800a7a8       0x44 ./Middlewares/Third_Party/FreeRTOS/Source/portable/GCC/ARM_CM3/port.o
                0x000000000800a7a8                xPortSysTickHandler
 .text.vPortSetupTimerInterrupt
                0x000000000800a7ec       0x44 ./Middlewares/Third_Party/FreeRTOS/Source/portable/GCC/ARM_CM3/port.o
                0x000000000800a7ec                vPortSetupTimerInterrupt
 .text.pvPortMalloc
                0x000000000800a830      0x198 ./Middlewares/Third_Party/FreeRTOS/Source/portable/MemMang/heap_4.o
                0x000000000800a830                pvPortMalloc
 .text.vPortFree
                0x000000000800a9c8       0xc4 ./Middlewares/Third_Party/FreeRTOS/Source/portable/MemMang/heap_4.o
                0x000000000800a9c8                vPortFree
 .text.prvHeapInit
                0x000000000800aa8c       0xc4 ./Middlewares/Third_Party/FreeRTOS/Source/portable/MemMang/heap_4.o
 .text.prvInsertBlockIntoFreeList
                0x000000000800ab50       0xb0 ./Middlewares/Third_Party/FreeRTOS/Source/portable/MemMang/heap_4.o
 .text.atoi     0x000000000800ac00        0x8 c:/st/stm32cubeide_1.7.0/stm32cubeide/plugins/com.st.stm32cube.ide.mcu.externaltools.gnu-tools-for-stm32.9-2020-q2-update.win32_2.0.0.202105311346/tools/bin/../lib/gcc/arm-none-eabi/9.3.1/../../../../arm-none-eabi/lib/thumb/v7-m/nofp\libc_nano.a(lib_a-atoi.o)
                0x000000000800ac00                atoi
 .text.__errno  0x000000000800ac08        0xc c:/st/stm32cubeide_1.7.0/stm32cubeide/plugins/com.st.stm32cube.ide.mcu.externaltools.gnu-tools-for-stm32.9-2020-q2-update.win32_2.0.0.202105311346/tools/bin/../lib/gcc/arm-none-eabi/9.3.1/../../../../arm-none-eabi/lib/thumb/v7-m/nofp\libc_nano.a(lib_a-errno.o)
                0x000000000800ac08                __errno
 .text.__libc_init_array
                0x000000000800ac14       0x48 c:/st/stm32cubeide_1.7.0/stm32cubeide/plugins/com.st.stm32cube.ide.mcu.externaltools.gnu-tools-for-stm32.9-2020-q2-update.win32_2.0.0.202105311346/tools/bin/../lib/gcc/arm-none-eabi/9.3.1/../../../../arm-none-eabi/lib/thumb/v7-m/nofp\libc_nano.a(lib_a-init.o)
                0x000000000800ac14                __libc_init_array
 .text.memcmp   0x000000000800ac5c       0x1c c:/st/stm32cubeide_1.7.0/stm32cubeide/plugins/com.st.stm32cube.ide.mcu.externaltools.gnu-tools-for-stm32.9-2020-q2-update.win32_2.0.0.202105311346/tools/bin/../lib/gcc/arm-none-eabi/9.3.1/../../../../arm-none-eabi/lib/thumb/v7-m/nofp\libc_nano.a(lib_a-memcmp.o)
                0x000000000800ac5c                memcmp
 .text.memcpy   0x000000000800ac78       0x1c c:/st/stm32cubeide_1.7.0/stm32cubeide/plugins/com.st.stm32cube.ide.mcu.externaltools.gnu-tools-for-stm32.9-2020-q2-update.win32_2.0.0.202105311346/tools/bin/../lib/gcc/arm-none-eabi/9.3.1/../../../../arm-none-eabi/lib/thumb/v7-m/nofp\libc_nano.a(lib_a-memcpy-stub.o)
                0x000000000800ac78                memcpy
 .text.memset   0x000000000800ac94       0x10 c:/st/stm32cubeide_1.7.0/stm32cubeide/plugins/com.st.stm32cube.ide.mcu.externaltools.gnu-tools-for-stm32.9-2020-q2-update.win32_2.0.0.202105311346/tools/bin/../lib/gcc/arm-none-eabi/9.3.1/../../../../arm-none-eabi/lib/thumb/v7-m/nofp\libc_nano.a(lib_a-memset.o)
                0x000000000800ac94                memset
 .text.snprintf
                0x000000000800aca4       0x68 c:/st/stm32cubeide_1.7.0/stm32cubeide/plugins/com.st.stm32cube.ide.mcu.externaltools.gnu-tools-for-stm32.9-2020-q2-update.win32_2.0.0.202105311346/tools/bin/../lib/gcc/arm-none-eabi/9.3.1/../../../../arm-none-eabi/lib/thumb/v7-m/nofp\libc_nano.a(lib_a-snprintf.o)
                0x000000000800aca4                sniprintf
                0x000000000800aca4                snprintf
 .text.sprintf  0x000000000800ad0c       0x40 c:/st/stm32cubeide_1.7.0/stm32cubeide/plugins/com.st.stm32cube.ide.mcu.externaltools.gnu-tools-for-stm32.9-2020-q2-update.win32_2.0.0.202105311346/tools/bin/../lib/gcc/arm-none-eabi/9.3.1/../../../../arm-none-eabi/lib/thumb/v7-m/nofp\libc_nano.a(lib_a-sprintf.o)
                0x000000000800ad0c                siprintf
                0x000000000800ad0c                sprintf
 .text.strchr   0x000000000800ad4c       0x1a c:/st/stm32cubeide_1.7.0/stm32cubeide/plugins/com.st.stm32cube.ide.mcu.externaltools.gnu-tools-for-stm32.9-2020-q2-update.win32_2.0.0.202105311346/tools/bin/../lib/gcc/arm-none-eabi/9.3.1/../../../../arm-none-eabi/lib/thumb/v7-m/nofp\libc_nano.a(lib_a-strchr.o)
                0x000000000800ad4c                strchr
 .text.strncmp  0x000000000800ad66       0x24 c:/st/stm32cubeide_1.7.0/stm32cubeide/plugins/com.st.stm32cube.ide.mcu.externaltools.gnu-tools-for-stm32.9-2020-q2-update.win32_2.0.0.202105311346/tools/bin/../lib/gcc/arm-none-eabi/9.3.1/../../../../arm-none-eabi/lib/thumb/v7-m/nofp\libc_nano.a(lib_a-strncmp.o)
                0x000000000800ad66                strncmp
 .text.strncpy  0x000000000800ad8a       0x26 c:/st/stm32cubeide_1.7.0/stm32cubeide/plugins/com.st.stm32cube.ide.mcu.externaltools.gnu-tools-for-stm32.9-2020-q2-update.win32_2.0.0.202105311346/tools/bin/../lib/gcc/arm-none-eabi/9.3.1/../../../../arm-none-eabi/lib/thumb/v7-m/nofp\libc_nano.a(lib_a-strncpy.o)
                0x000000000800ad8a                strncpy
 .text._strtol_l.isra.0
                0x000000000800adb0      0x10c c:/st/stm32cubeide_1.7.0/stm32cubeide/plugins/com.st.stm32cube.ide.mcu.externaltools.gnu-tools-for-stm32.9-2020-q2-update.win32_2.0.0.202105311346/tools/bin/../lib/gcc/arm-none-eabi/9.3.1/../../../../arm-none-eabi/lib/thumb/v7-m/nofp\libc_nano.a(lib_a-strtol.o)
 .text.strtol   0x000000000800aebc       0x14 c:/st/stm32cubeide_1.7.0/stm32cubeide/plugins/com.st.stm32cube.ide.mcu.externaltools.gnu-tools-for-stm32.9-2020-q2-update.win32_2.0.0.202105311346/tools/bin/../lib/gcc/arm-none-eabi/9.3.1/../../../../arm-none-eabi/lib/thumb/v7-m/nofp\libc_nano.a(lib_a-strtol.o)
                0x000000000800aebc                strtol
 .text.__ssputs_r
                0x000000000800aed0       0xb6 c:/st/stm32cubeide_1.7.0/stm32cubeide/plugins/com.st.stm32cube.ide.mcu.externaltools.gnu-tools-for-stm32.9-2020-q2-update.win32_2.0.0.202105311346/tools/bin/../lib/gcc/arm-none-eabi/9.3.1/../../../../arm-none-eabi/lib/thumb/v7-m/nofp\libc_nano.a(lib_a-nano-svfprintf.o)
                0x000000000800aed0                __ssputs_r
 *fill*         0x000000000800af86        0x2 
 .text._svfprintf_r
                0x000000000800af88      0x200 c:/st/stm32cubeide_1.7.0/stm32cubeide/plugins/com.st.stm32cube.ide.mcu.externaltools.gnu-tools-for-stm32.9-2020-q2-update.win32_2.0.0.202105311346/tools/bin/../lib/gcc/arm-none-eabi/9.3.1/../../../../arm-none-eabi/lib/thumb/v7-m/nofp\libc_nano.a(lib_a-nano-svfprintf.o)
                0x000000000800af88                _svfiprintf_r
                0x000000000800af88                _svfprintf_r
 .text._printf_common
                0x000000000800b188       0xde c:/st/stm32cubeide_1.7.0/stm32cubeide/plugins/com.st.stm32cube.ide.mcu.externaltools.gnu-tools-for-stm32.9-2020-q2-update.win32_2.0.0.202105311346/tools/bin/../lib/gcc/arm-none-eabi/9.3.1/../../../../arm-none-eabi/lib/thumb/v7-m/nofp\libc_nano.a(lib_a-nano-vfprintf_i.o)
                0x000000000800b188                _printf_common
 *fill*         0x000000000800b266        0x2 
 .text._printf_i
                0x000000000800b268      0x24c c:/st/stm32cubeide_1.7.0/stm32cubeide/plugins/com.st.stm32cube.ide.mcu.externaltools.gnu-tools-for-stm32.9-2020-q2-update.win32_2.0.0.202105311346/tools/bin/../lib/gcc/arm-none-eabi/9.3.1/../../../../arm-none-eabi/lib/thumb/v7-m/nofp\libc_nano.a(lib_a-nano-vfprintf_i.o)
                0x000000000800b268                _printf_i
 .text.memchr   0x000000000800b4b4       0x1c c:/st/stm32cubeide_1.7.0/stm32cubeide/plugins/com.st.stm32cube.ide.mcu.externaltools.gnu-tools-for-stm32.9-2020-q2-update.win32_2.0.0.202105311346/tools/bin/../lib/gcc/arm-none-eabi/9.3.1/../../../../arm-none-eabi/lib/thumb/v7-m/nofp\libc_nano.a(lib_a-memchr-stub.o)
                0x000000000800b4b4                memchr
 .text.memmove  0x000000000800b4d0       0x34 c:/st/stm32cubeide_1.7.0/stm32cubeide/plugins/com.st.stm32cube.ide.mcu.externaltools.gnu-tools-for-stm32.9-2020-q2-update.win32_2.0.0.202105311346/tools/bin/../lib/gcc/arm-none-eabi/9.3.1/../../../../arm-none-eabi/lib/thumb/v7-m/nofp\libc_nano.a(lib_a-memmove.o)
                0x000000000800b4d0                memmove
 .text._free_r  0x000000000800b504       0x98 c:/st/stm32cubeide_1.7.0/stm32cubeide/plugins/com.st.stm32cube.ide.mcu.externaltools.gnu-tools-for-stm32.9-2020-q2-update.win32_2.0.0.202105311346/tools/bin/../lib/gcc/arm-none-eabi/9.3.1/../../../../arm-none-eabi/lib/thumb/v7-m/nofp\libc_nano.a(lib_a-nano-freer.o)
                0x000000000800b504                _free_r
 .text._malloc_r
                0x000000000800b59c       0xb4 c:/st/stm32cubeide_1.7.0/stm32cubeide/plugins/com.st.stm32cube.ide.mcu.externaltools.gnu-tools-for-stm32.9-2020-q2-update.win32_2.0.0.202105311346/tools/bin/../lib/gcc/arm-none-eabi/9.3.1/../../../../arm-none-eabi/lib/thumb/v7-m/nofp\libc_nano.a(lib_a-nano-mallocr.o)
                0x000000000800b59c                _malloc_r
 .text._realloc_r
                0x000000000800b650       0x4c c:/st/stm32cubeide_1.7.0/stm32cubeide/plugins/com.st.stm32cube.ide.mcu.externaltools.gnu-tools-for-stm32.9-2020-q2-update.win32_2.0.0.202105311346/tools/bin/../lib/gcc/arm-none-eabi/9.3.1/../../../../arm-none-eabi/lib/thumb/v7-m/nofp\libc_nano.a(lib_a-nano-reallocr.o)
                0x000000000800b650                _realloc_r
 .text._sbrk_r  0x000000000800b69c       0x20 c:/st/stm32cubeide_1.7.0/stm32cubeide/plugins/com.st.stm32cube.ide.mcu.externaltools.gnu-tools-for-stm32.9-2020-q2-update.win32_2.0.0.202105311346/tools/bin/../lib/gcc/arm-none-eabi/9.3.1/../../../../arm-none-eabi/lib/thumb/v7-m/nofp\libc_nano.a(lib_a-sbrkr.o)
                0x000000000800b69c                _sbrk_r
 .text.__malloc_lock
                0x000000000800b6bc        0xc c:/st/stm32cubeide_1.7.0/stm32cubeide/plugins/com.st.stm32cube.ide.mcu.externaltools.gnu-tools-for-stm32.9-2020-q2-update.win32_2.0.0.202105311346/tools/bin/../lib/gcc/arm-none-eabi/9.3.1/../../../../arm-none-eabi/lib/thumb/v7-m/nofp\libc_nano.a(lib_a-mlock.o)
                0x000000000800b6bc                __malloc_lock
 .text.__malloc_unlock
                0x000000000800b6c8        0xc c:/st/stm32cubeide_1.7.0/stm32cubeide/plugins/com.st.stm32cube.ide.mcu.externaltools.gnu-tools-for-stm32.9-2020-q2-update.win32_2.0.0.202105311346/tools/bin/../lib/gcc/arm-none-eabi/9.3.1/../../../../arm-none-eabi/lib/thumb/v7-m/nofp\libc_nano.a(lib_a-mlock.o)
                0x000000000800b6c8                __malloc_unlock
 .text._malloc_usable_size_r
                0x000000000800b6d4       0x10 c:/st/stm32cubeide_1.7.0/stm32cubeide/plugins/com.st.stm32cube.ide.mcu.externaltools.gnu-tools-for-stm32.9-2020-q2-update.win32_2.0.0.202105311346/tools/bin/../lib/gcc/arm-none-eabi/9.3.1/../../../../arm-none-eabi/lib/thumb/v7-m/nofp\libc_nano.a(lib_a-nano-msizer.o)
                0x000000000800b6d4                _malloc_usable_size_r
 .text.__retarget_lock_acquire_recursive
                0x000000000800b6e4        0x2 c:/st/stm32cubeide_1.7.0/stm32cubeide/plugins/com.st.stm32cube.ide.mcu.externaltools.gnu-tools-for-stm32.9-2020-q2-update.win32_2.0.0.202105311346/tools/bin/../lib/gcc/arm-none-eabi/9.3.1/../../../../arm-none-eabi/lib/thumb/v7-m/nofp\libc_nano.a(lib_a-lock.o)
                0x000000000800b6e4                __retarget_lock_acquire_recursive
 .text.__retarget_lock_release_recursive
                0x000000000800b6e6        0x2 c:/st/stm32cubeide_1.7.0/stm32cubeide/plugins/com.st.stm32cube.ide.mcu.externaltools.gnu-tools-for-stm32.9-2020-q2-update.win32_2.0.0.202105311346/tools/bin/../lib/gcc/arm-none-eabi/9.3.1/../../../../arm-none-eabi/lib/thumb/v7-m/nofp\libc_nano.a(lib_a-lock.o)
                0x000000000800b6e6                __retarget_lock_release_recursive
 .text.cosf     0x000000000800b6e8       0x68 c:/st/stm32cubeide_1.7.0/stm32cubeide/plugins/com.st.stm32cube.ide.mcu.externaltools.gnu-tools-for-stm32.9-2020-q2-update.win32_2.0.0.202105311346/tools/bin/../lib/gcc/arm-none-eabi/9.3.1/../../../../arm-none-eabi/lib/thumb/v7-m/nofp\libm.a(lib_a-sf_cos.o)
                0x000000000800b6e8                cosf
 .text.sinf     0x000000000800b750       0x6c c:/st/stm32cubeide_1.7.0/stm32cubeide/plugins/com.st.stm32cube.ide.mcu.externaltools.gnu-tools-for-stm32.9-2020-q2-update.win32_2.0.0.202105311346/tools/bin/../lib/gcc/arm-none-eabi/9.3.1/../../../../arm-none-eabi/lib/thumb/v7-m/nofp\libm.a(lib_a-sf_sin.o)
                0x000000000800b750                sinf
 .text.asin     0x000000000800b7bc       0x5c c:/st/stm32cubeide_1.7.0/stm32cubeide/plugins/com.st.stm32cube.ide.mcu.externaltools.gnu-tools-for-stm32.9-2020-q2-update.win32_2.0.0.202105311346/tools/bin/../lib/gcc/arm-none-eabi/9.3.1/../../../../arm-none-eabi/lib/thumb/v7-m/nofp\libm.a(lib_a-w_asin.o)
                0x000000000800b7bc                asin
 .text.atan2    0x000000000800b818        0x4 c:/st/stm32cubeide_1.7.0/stm32cubeide/plugins/com.st.stm32cube.ide.mcu.externaltools.gnu-tools-for-stm32.9-2020-q2-update.win32_2.0.0.202105311346/tools/bin/../lib/gcc/arm-none-eabi/9.3.1/../../../../arm-none-eabi/lib/thumb/v7-m/nofp\libm.a(lib_a-w_atan2.o)
                0x000000000800b818                atan2
 *fill*         0x000000000800b81c        0x4 
 .text.__ieee754_asin
                0x000000000800b820      0x3f8 c:/st/stm32cubeide_1.7.0/stm32cubeide/plugins/com.st.stm32cube.ide.mcu.externaltools.gnu-tools-for-stm32.9-2020-q2-update.win32_2.0.0.202105311346/tools/bin/../lib/gcc/arm-none-eabi/9.3.1/../../../../arm-none-eabi/lib/thumb/v7-m/nofp\libm.a(lib_a-e_asin.o)
                0x000000000800b820                __ieee754_asin
 .text.__ieee754_atan2
                0x000000000800bc18      0x1a4 c:/st/stm32cubeide_1.7.0/stm32cubeide/plugins/com.st.stm32cube.ide.mcu.externaltools.gnu-tools-for-stm32.9-2020-q2-update.win32_2.0.0.202105311346/tools/bin/../lib/gcc/arm-none-eabi/9.3.1/../../../../arm-none-eabi/lib/thumb/v7-m/nofp\libm.a(lib_a-e_atan2.o)
                0x000000000800bc18                __ieee754_atan2
 .text.__ieee754_sqrt
                0x000000000800bdbc      0x158 c:/st/stm32cubeide_1.7.0/stm32cubeide/plugins/com.st.stm32cube.ide.mcu.externaltools.gnu-tools-for-stm32.9-2020-q2-update.win32_2.0.0.202105311346/tools/bin/../lib/gcc/arm-none-eabi/9.3.1/../../../../arm-none-eabi/lib/thumb/v7-m/nofp\libm.a(lib_a-e_sqrt.o)
                0x000000000800bdbc                __ieee754_sqrt
 .text.__ieee754_rem_pio2f
                0x000000000800bf14      0x2bc c:/st/stm32cubeide_1.7.0/stm32cubeide/plugins/com.st.stm32cube.ide.mcu.externaltools.gnu-tools-for-stm32.9-2020-q2-update.win32_2.0.0.202105311346/tools/bin/../lib/gcc/arm-none-eabi/9.3.1/../../../../arm-none-eabi/lib/thumb/v7-m/nofp\libm.a(lib_a-ef_rem_pio2.o)
                0x000000000800bf14                __ieee754_rem_pio2f
 .text.__kernel_cosf
                0x000000000800c1d0      0x100 c:/st/stm32cubeide_1.7.0/stm32cubeide/plugins/com.st.stm32cube.ide.mcu.externaltools.gnu-tools-for-stm32.9-2020-q2-update.win32_2.0.0.202105311346/tools/bin/../lib/gcc/arm-none-eabi/9.3.1/../../../../arm-none-eabi/lib/thumb/v7-m/nofp\libm.a(lib_a-kf_cos.o)
                0x000000000800c1d0                __kernel_cosf
 .text.__kernel_rem_pio2f
                0x000000000800c2d0      0x56c c:/st/stm32cubeide_1.7.0/stm32cubeide/plugins/com.st.stm32cube.ide.mcu.externaltools.gnu-tools-for-stm32.9-2020-q2-update.win32_2.0.0.202105311346/tools/bin/../lib/gcc/arm-none-eabi/9.3.1/../../../../arm-none-eabi/lib/thumb/v7-m/nofp\libm.a(lib_a-kf_rem_pio2.o)
                0x000000000800c2d0                __kernel_rem_pio2f
 .text.__kernel_sinf
                0x000000000800c83c       0xec c:/st/stm32cubeide_1.7.0/stm32cubeide/plugins/com.st.stm32cube.ide.mcu.externaltools.gnu-tools-for-stm32.9-2020-q2-update.win32_2.0.0.202105311346/tools/bin/../lib/gcc/arm-none-eabi/9.3.1/../../../../arm-none-eabi/lib/thumb/v7-m/nofp\libm.a(lib_a-kf_sin.o)
                0x000000000800c83c                __kernel_sinf
 .text.atan     0x000000000800c928      0x314 c:/st/stm32cubeide_1.7.0/stm32cubeide/plugins/com.st.stm32cube.ide.mcu.externaltools.gnu-tools-for-stm32.9-2020-q2-update.win32_2.0.0.202105311346/tools/bin/../lib/gcc/arm-none-eabi/9.3.1/../../../../arm-none-eabi/lib/thumb/v7-m/nofp\libm.a(lib_a-s_atan.o)
                0x000000000800c928                atan
 .text.fabs     0x000000000800cc3c        0x6 c:/st/stm32cubeide_1.7.0/stm32cubeide/plugins/com.st.stm32cube.ide.mcu.externaltools.gnu-tools-for-stm32.9-2020-q2-update.win32_2.0.0.202105311346/tools/bin/../lib/gcc/arm-none-eabi/9.3.1/../../../../arm-none-eabi/lib/thumb/v7-m/nofp\libm.a(lib_a-s_fabs.o)
                0x000000000800cc3c                fabs
 *fill*         0x000000000800cc42        0x2 
 .text.nan      0x000000000800cc44        0xc c:/st/stm32cubeide_1.7.0/stm32cubeide/plugins/com.st.stm32cube.ide.mcu.externaltools.gnu-tools-for-stm32.9-2020-q2-update.win32_2.0.0.202105311346/tools/bin/../lib/gcc/arm-none-eabi/9.3.1/../../../../arm-none-eabi/lib/thumb/v7-m/nofp\libm.a(lib_a-s_nan.o)
                0x000000000800cc44                nan
 .text.fabsf    0x000000000800cc50        0x6 c:/st/stm32cubeide_1.7.0/stm32cubeide/plugins/com.st.stm32cube.ide.mcu.externaltools.gnu-tools-for-stm32.9-2020-q2-update.win32_2.0.0.202105311346/tools/bin/../lib/gcc/arm-none-eabi/9.3.1/../../../../arm-none-eabi/lib/thumb/v7-m/nofp\libm.a(lib_a-sf_fabs.o)
                0x000000000800cc50                fabsf
 *fill*         0x000000000800cc56        0x2 
 .text.floorf   0x000000000800cc58       0x84 c:/st/stm32cubeide_1.7.0/stm32cubeide/plugins/com.st.stm32cube.ide.mcu.externaltools.gnu-tools-for-stm32.9-2020-q2-update.win32_2.0.0.202105311346/tools/bin/../lib/gcc/arm-none-eabi/9.3.1/../../../../arm-none-eabi/lib/thumb/v7-m/nofp\libm.a(lib_a-sf_floor.o)
                0x000000000800cc58                floorf
 .text.scalbnf  0x000000000800ccdc       0x98 c:/st/stm32cubeide_1.7.0/stm32cubeide/plugins/com.st.stm32cube.ide.mcu.externaltools.gnu-tools-for-stm32.9-2020-q2-update.win32_2.0.0.202105311346/tools/bin/../lib/gcc/arm-none-eabi/9.3.1/../../../../arm-none-eabi/lib/thumb/v7-m/nofp\libm.a(lib_a-sf_scalbn.o)
                0x000000000800ccdc                scalbnf
 *(.glue_7)
 .glue_7        0x000000000800cd74        0x0 linker stubs
 *(.glue_7t)
 .glue_7t       0x000000000800cd74        0x0 linker stubs
 *(.eh_frame)
 .eh_frame      0x000000000800cd74        0x0 c:/st/stm32cubeide_1.7.0/stm32cubeide/plugins/com.st.stm32cube.ide.mcu.externaltools.gnu-tools-for-stm32.9-2020-q2-update.win32_2.0.0.202105311346/tools/bin/../lib/gcc/arm-none-eabi/9.3.1/thumb/v7-m/nofp/crtbegin.o
 *(.init)
 .init          0x000000000800cd74        0x4 c:/st/stm32cubeide_1.7.0/stm32cubeide/plugins/com.st.stm32cube.ide.mcu.externaltools.gnu-tools-for-stm32.9-2020-q2-update.win32_2.0.0.202105311346/tools/bin/../lib/gcc/arm-none-eabi/9.3.1/thumb/v7-m/nofp/crti.o
                0x000000000800cd74                _init
 .init          0x000000000800cd78        0x8 c:/st/stm32cubeide_1.7.0/stm32cubeide/plugins/com.st.stm32cube.ide.mcu.externaltools.gnu-tools-for-stm32.9-2020-q2-update.win32_2.0.0.202105311346/tools/bin/../lib/gcc/arm-none-eabi/9.3.1/thumb/v7-m/nofp/crtn.o
 *(.fini)
 .fini          0x000000000800cd80        0x4 c:/st/stm32cubeide_1.7.0/stm32cubeide/plugins/com.st.stm32cube.ide.mcu.externaltools.gnu-tools-for-stm32.9-2020-q2-update.win32_2.0.0.202105311346/tools/bin/../lib/gcc/arm-none-eabi/9.3.1/thumb/v7-m/nofp/crti.o
                0x000000000800cd80                _fini
 .fini          0x000000000800cd84        0x8 c:/st/stm32cubeide_1.7.0/stm32cubeide/plugins/com.st.stm32cube.ide.mcu.externaltools.gnu-tools-for-stm32.9-2020-q2-update.win32_2.0.0.202105311346/tools/bin/../lib/gcc/arm-none-eabi/9.3.1/thumb/v7-m/nofp/crtn.o
                0x000000000800cd8c                . = ALIGN (0x4)
                0x000000000800cd8c                _etext = .

.vfp11_veneer   0x000000000800cd8c        0x0
 .vfp11_veneer  0x000000000800cd8c        0x0 linker stubs

.v4_bx          0x000000000800cd8c        0x0
 .v4_bx         0x000000000800cd8c        0x0 linker stubs

.iplt           0x000000000800cd8c        0x0
 .iplt          0x000000000800cd8c        0x0 c:/st/stm32cubeide_1.7.0/stm32cubeide/plugins/com.st.stm32cube.ide.mcu.externaltools.gnu-tools-for-stm32.9-2020-q2-update.win32_2.0.0.202105311346/tools/bin/../lib/gcc/arm-none-eabi/9.3.1/thumb/v7-m/nofp/crtbegin.o

.rodata         0x000000000800cd90     0x1550
                0x000000000800cd90                . = ALIGN (0x4)
 *(.rodata)
 .rodata        0x000000000800cd90       0x4b ./Core/Src/inv_mpu_dmp_motion_driver.o
 *fill*         0x000000000800cddb        0x1 
 .rodata        0x000000000800cddc      0x2f6 ./Core/Src/main.o
 *fill*         0x000000000800d0d2        0x2 
 .rodata        0x000000000800d0d4        0x5 ./Middlewares/Third_Party/FreeRTOS/Source/tasks.o
 *(.rodata*)
 *fill*         0x000000000800d0d9        0x3 
 .rodata.reg    0x000000000800d0dc       0x2a ./Core/Src/inv_mpu.o
                0x000000000800d0dc                reg
 *fill*         0x000000000800d106        0x2 
 .rodata.hw     0x000000000800d108        0xe ./Core/Src/inv_mpu.o
                0x000000000800d108                hw
 *fill*         0x000000000800d116        0x2 
 .rodata.test   0x000000000800d118       0x30 ./Core/Src/inv_mpu.o
                0x000000000800d118                test
 .rodata.dmp_memory
                0x000000000800d148      0xbf6 ./Core/Src/inv_mpu_dmp_motion_driver.o
 *fill*         0x000000000800dd3e        0x2 
 .rodata.AHBPrescTable
                0x000000000800dd40       0x10 ./Core/Src/system_stm32f1xx.o
                0x000000000800dd40                AHBPrescTable
 .rodata.APBPrescTable
                0x000000000800dd50        0x8 ./Core/Src/system_stm32f1xx.o
                0x000000000800dd50                APBPrescTable
 .rodata.aPLLMULFactorTable.6442
                0x000000000800dd58       0x10 ./Drivers/STM32F1xx_HAL_Driver/Src/stm32f1xx_hal_rcc.o
 .rodata.aPredivFactorTable.6443
                0x000000000800dd68        0x2 ./Drivers/STM32F1xx_HAL_Driver/Src/stm32f1xx_hal_rcc.o
 .rodata._ctype_
                0x000000000800dd6a      0x101 c:/st/stm32cubeide_1.7.0/stm32cubeide/plugins/com.st.stm32cube.ide.mcu.externaltools.gnu-tools-for-stm32.9-2020-q2-update.win32_2.0.0.202105311346/tools/bin/../lib/gcc/arm-none-eabi/9.3.1/../../../../arm-none-eabi/lib/thumb/v7-m/nofp\libc_nano.a(lib_a-ctype_.o)
                0x000000000800dd6a                _ctype_
 .rodata._svfprintf_r.str1.1
                0x000000000800de6b       0x11 c:/st/stm32cubeide_1.7.0/stm32cubeide/plugins/com.st.stm32cube.ide.mcu.externaltools.gnu-tools-for-stm32.9-2020-q2-update.win32_2.0.0.202105311346/tools/bin/../lib/gcc/arm-none-eabi/9.3.1/../../../../arm-none-eabi/lib/thumb/v7-m/nofp\libc_nano.a(lib_a-nano-svfprintf.o)
 .rodata._printf_i.str1.1
                0x000000000800de7c       0x22 c:/st/stm32cubeide_1.7.0/stm32cubeide/plugins/com.st.stm32cube.ide.mcu.externaltools.gnu-tools-for-stm32.9-2020-q2-update.win32_2.0.0.202105311346/tools/bin/../lib/gcc/arm-none-eabi/9.3.1/../../../../arm-none-eabi/lib/thumb/v7-m/nofp\libc_nano.a(lib_a-nano-vfprintf_i.o)
 .rodata.asin.str1.1
                0x000000000800de9e       0x22 c:/st/stm32cubeide_1.7.0/stm32cubeide/plugins/com.st.stm32cube.ide.mcu.externaltools.gnu-tools-for-stm32.9-2020-q2-update.win32_2.0.0.202105311346/tools/bin/../lib/gcc/arm-none-eabi/9.3.1/../../../../arm-none-eabi/lib/thumb/v7-m/nofp\libm.a(lib_a-w_asin.o)
                                          0x1 (size before relaxing)
 *fill*         0x000000000800de9e        0x2 
 .rodata.CSWTCH.8
                0x000000000800dea0       0x18 c:/st/stm32cubeide_1.7.0/stm32cubeide/plugins/com.st.stm32cube.ide.mcu.externaltools.gnu-tools-for-stm32.9-2020-q2-update.win32_2.0.0.202105311346/tools/bin/../lib/gcc/arm-none-eabi/9.3.1/../../../../arm-none-eabi/lib/thumb/v7-m/nofp\libm.a(lib_a-e_atan2.o)
 .rodata.CSWTCH.9
                0x000000000800deb8       0x18 c:/st/stm32cubeide_1.7.0/stm32cubeide/plugins/com.st.stm32cube.ide.mcu.externaltools.gnu-tools-for-stm32.9-2020-q2-update.win32_2.0.0.202105311346/tools/bin/../lib/gcc/arm-none-eabi/9.3.1/../../../../arm-none-eabi/lib/thumb/v7-m/nofp\libm.a(lib_a-e_atan2.o)
 .rodata.npio2_hw
                0x000000000800ded0       0x80 c:/st/stm32cubeide_1.7.0/stm32cubeide/plugins/com.st.stm32cube.ide.mcu.externaltools.gnu-tools-for-stm32.9-2020-q2-update.win32_2.0.0.202105311346/tools/bin/../lib/gcc/arm-none-eabi/9.3.1/../../../../arm-none-eabi/lib/thumb/v7-m/nofp\libm.a(lib_a-ef_rem_pio2.o)
 .rodata.two_over_pi
                0x000000000800df50      0x318 c:/st/stm32cubeide_1.7.0/stm32cubeide/plugins/com.st.stm32cube.ide.mcu.externaltools.gnu-tools-for-stm32.9-2020-q2-update.win32_2.0.0.202105311346/tools/bin/../lib/gcc/arm-none-eabi/9.3.1/../../../../arm-none-eabi/lib/thumb/v7-m/nofp\libm.a(lib_a-ef_rem_pio2.o)
 .rodata.PIo2   0x000000000800e268       0x2c c:/st/stm32cubeide_1.7.0/stm32cubeide/plugins/com.st.stm32cube.ide.mcu.externaltools.gnu-tools-for-stm32.9-2020-q2-update.win32_2.0.0.202105311346/tools/bin/../lib/gcc/arm-none-eabi/9.3.1/../../../../arm-none-eabi/lib/thumb/v7-m/nofp\libm.a(lib_a-kf_rem_pio2.o)
 .rodata.init_jk
                0x000000000800e294        0xc c:/st/stm32cubeide_1.7.0/stm32cubeide/plugins/com.st.stm32cube.ide.mcu.externaltools.gnu-tools-for-stm32.9-2020-q2-update.win32_2.0.0.202105311346/tools/bin/../lib/gcc/arm-none-eabi/9.3.1/../../../../arm-none-eabi/lib/thumb/v7-m/nofp\libm.a(lib_a-kf_rem_pio2.o)
 .rodata.atanhi
                0x000000000800e2a0       0x20 c:/st/stm32cubeide_1.7.0/stm32cubeide/plugins/com.st.stm32cube.ide.mcu.externaltools.gnu-tools-for-stm32.9-2020-q2-update.win32_2.0.0.202105311346/tools/bin/../lib/gcc/arm-none-eabi/9.3.1/../../../../arm-none-eabi/lib/thumb/v7-m/nofp\libm.a(lib_a-s_atan.o)
 .rodata.atanlo
                0x000000000800e2c0       0x20 c:/st/stm32cubeide_1.7.0/stm32cubeide/plugins/com.st.stm32cube.ide.mcu.externaltools.gnu-tools-for-stm32.9-2020-q2-update.win32_2.0.0.202105311346/tools/bin/../lib/gcc/arm-none-eabi/9.3.1/../../../../arm-none-eabi/lib/thumb/v7-m/nofp\libm.a(lib_a-s_atan.o)
                0x000000000800e2e0                . = ALIGN (0x4)

.rel.dyn        0x000000000800e2e0        0x0
 .rel.iplt      0x000000000800e2e0        0x0 c:/st/stm32cubeide_1.7.0/stm32cubeide/plugins/com.st.stm32cube.ide.mcu.externaltools.gnu-tools-for-stm32.9-2020-q2-update.win32_2.0.0.202105311346/tools/bin/../lib/gcc/arm-none-eabi/9.3.1/thumb/v7-m/nofp/crtbegin.o

.ARM.extab      0x000000000800e2e0        0x0
                0x000000000800e2e0                . = ALIGN (0x4)
 *(.ARM.extab* .gnu.linkonce.armextab.*)
                0x000000000800e2e0                . = ALIGN (0x4)

.ARM            0x000000000800e2e0        0x0
                0x000000000800e2e0                . = ALIGN (0x4)
                0x000000000800e2e0                __exidx_start = .
 *(.ARM.exidx*)
                0x000000000800e2e0                __exidx_end = .
                0x000000000800e2e0                . = ALIGN (0x4)

.preinit_array  0x000000000800e2e0        0x0
                0x000000000800e2e0                . = ALIGN (0x4)
                0x000000000800e2e0                PROVIDE (__preinit_array_start = .)
 *(.preinit_array*)
                0x000000000800e2e0                PROVIDE (__preinit_array_end = .)
                0x000000000800e2e0                . = ALIGN (0x4)

.init_array     0x000000000800e2e0        0x4
                0x000000000800e2e0                . = ALIGN (0x4)
                0x000000000800e2e0                PROVIDE (__init_array_start = .)
 *(SORT_BY_NAME(.init_array.*))
 *(.init_array*)
 .init_array    0x000000000800e2e0        0x4 c:/st/stm32cubeide_1.7.0/stm32cubeide/plugins/com.st.stm32cube.ide.mcu.externaltools.gnu-tools-for-stm32.9-2020-q2-update.win32_2.0.0.202105311346/tools/bin/../lib/gcc/arm-none-eabi/9.3.1/thumb/v7-m/nofp/crtbegin.o
                0x000000000800e2e4                PROVIDE (__init_array_end = .)
                0x000000000800e2e4                . = ALIGN (0x4)

.fini_array     0x000000000800e2e4        0x4
                0x000000000800e2e4                . = ALIGN (0x4)
                [!provide]                        PROVIDE (__fini_array_start = .)
 *(SORT_BY_NAME(.fini_array.*))
 *(.fini_array*)
 .fini_array    0x000000000800e2e4        0x4 c:/st/stm32cubeide_1.7.0/stm32cubeide/plugins/com.st.stm32cube.ide.mcu.externaltools.gnu-tools-for-stm32.9-2020-q2-update.win32_2.0.0.202105311346/tools/bin/../lib/gcc/arm-none-eabi/9.3.1/thumb/v7-m/nofp/crtbegin.o
                [!provide]                        PROVIDE (__fini_array_end = .)
                0x000000000800e2e8                . = ALIGN (0x4)
                0x000000000800e2e8                _sidata = LOADADDR (.data)

.data           0x0000000020000000       0xc0 load address 0x000000000800e2e8
                0x0000000020000000                . = ALIGN (0x4)
                0x0000000020000000                _sdata = .
 *(.data)
 *(.data*)
 .data.st       0x0000000020000000       0x38 ./Core/Src/inv_mpu.o
 .data.pwm_val  0x0000000020000038        0x4 ./Core/Src/main.o
                0x0000000020000038                pwm_val
 .data.kp_dir   0x000000002000003c        0x4 ./Core/Src/main.o
                0x000000002000003c                kp_dir
 .data.ki_dir   0x0000000020000040        0x4 ./Core/Src/main.o
                0x0000000020000040                ki_dir
 .data.kd_dir   0x0000000020000044        0x4 ./Core/Src/main.o
                0x0000000020000044                kd_dir
 .data.SystemCoreClock
                0x0000000020000048        0x4 ./Core/Src/system_stm32f1xx.o
                0x0000000020000048                SystemCoreClock
 .data.uwTickPrio
                0x000000002000004c        0x4 ./Drivers/STM32F1xx_HAL_Driver/Src/stm32f1xx_hal.o
                0x000000002000004c                uwTickPrio
 .data.uwTickFreq
                0x0000000020000050        0x1 ./Drivers/STM32F1xx_HAL_Driver/Src/stm32f1xx_hal.o
                0x0000000020000050                uwTickFreq
 *fill*         0x0000000020000051        0x3 
 .data.uxCriticalNesting
                0x0000000020000054        0x4 ./Middlewares/Third_Party/FreeRTOS/Source/portable/GCC/ARM_CM3/port.o
 .data._impure_ptr
                0x0000000020000058        0x4 c:/st/stm32cubeide_1.7.0/stm32cubeide/plugins/com.st.stm32cube.ide.mcu.externaltools.gnu-tools-for-stm32.9-2020-q2-update.win32_2.0.0.202105311346/tools/bin/../lib/gcc/arm-none-eabi/9.3.1/../../../../arm-none-eabi/lib/thumb/v7-m/nofp\libc_nano.a(lib_a-impure.o)
                0x0000000020000058                _impure_ptr
 .data.impure_data
                0x000000002000005c       0x60 c:/st/stm32cubeide_1.7.0/stm32cubeide/plugins/com.st.stm32cube.ide.mcu.externaltools.gnu-tools-for-stm32.9-2020-q2-update.win32_2.0.0.202105311346/tools/bin/../lib/gcc/arm-none-eabi/9.3.1/../../../../arm-none-eabi/lib/thumb/v7-m/nofp\libc_nano.a(lib_a-impure.o)
 .data.__fdlib_version
                0x00000000200000bc        0x1 c:/st/stm32cubeide_1.7.0/stm32cubeide/plugins/com.st.stm32cube.ide.mcu.externaltools.gnu-tools-for-stm32.9-2020-q2-update.win32_2.0.0.202105311346/tools/bin/../lib/gcc/arm-none-eabi/9.3.1/../../../../arm-none-eabi/lib/thumb/v7-m/nofp\libm.a(lib_a-s_lib_ver.o)
                0x00000000200000bc                __fdlib_version
 *(.RamFunc)
 *(.RamFunc*)
                0x00000000200000c0                . = ALIGN (0x4)
 *fill*         0x00000000200000bd        0x3 
                0x00000000200000c0                _edata = .

.igot.plt       0x00000000200000c0        0x0 load address 0x000000000800e3a8
 .igot.plt      0x00000000200000c0        0x0 c:/st/stm32cubeide_1.7.0/stm32cubeide/plugins/com.st.stm32cube.ide.mcu.externaltools.gnu-tools-for-stm32.9-2020-q2-update.win32_2.0.0.202105311346/tools/bin/../lib/gcc/arm-none-eabi/9.3.1/thumb/v7-m/nofp/crtbegin.o
                0x00000000200000c0                . = ALIGN (0x4)

.bss            0x00000000200000c0     0x2d6c load address 0x000000000800e3a8
                0x00000000200000c0                _sbss = .
                0x00000000200000c0                __bss_start__ = _sbss
 *(.bss)
 .bss           0x00000000200000c0       0x1c c:/st/stm32cubeide_1.7.0/stm32cubeide/plugins/com.st.stm32cube.ide.mcu.externaltools.gnu-tools-for-stm32.9-2020-q2-update.win32_2.0.0.202105311346/tools/bin/../lib/gcc/arm-none-eabi/9.3.1/thumb/v7-m/nofp/crtbegin.o
 *(.bss*)
 .bss.xIdleTaskTCBBuffer
                0x00000000200000dc       0x54 ./Core/Src/freertos.o
 .bss.xIdleStack
                0x0000000020000130      0x100 ./Core/Src/freertos.o
 .bss.dmp       0x0000000020000230       0x10 ./Core/Src/inv_mpu_dmp_motion_driver.o
 .bss.Grados    0x0000000020000240        0x4 ./Core/Src/main.o
                0x0000000020000240                Grados
 .bss.velocidad
                0x0000000020000244        0x4 ./Core/Src/main.o
                0x0000000020000244                velocidad
 .bss.speed_scale
                0x0000000020000248        0x4 ./Core/Src/main.o
                0x0000000020000248                speed_scale
 .bss.posicion  0x000000002000024c        0x4 ./Core/Src/main.o
                0x000000002000024c                posicion
 .bss.desired_heading
                0x0000000020000250        0x4 ./Core/Src/main.o
                0x0000000020000250                desired_heading
 .bss.error_dir
                0x0000000020000254        0x4 ./Core/Src/main.o
                0x0000000020000254                error_dir
 .bss.prev_error_dir
                0x0000000020000258        0x4 ./Core/Src/main.o
                0x0000000020000258                prev_error_dir
 .bss.integral_dir
                0x000000002000025c        0x4 ./Core/Src/main.o
                0x000000002000025c                integral_dir
 .bss.derivative_dir
                0x0000000020000260        0x4 ./Core/Src/main.o
                0x0000000020000260                derivative_dir
 .bss.output_dir
                0x0000000020000264        0x4 ./Core/Src/main.o
                0x0000000020000264                output_dir
 .bss.heading_degree
                0x0000000020000268        0x4 ./Core/Src/main.o
                0x0000000020000268                heading_degree
 .bss.i2cVar    0x000000002000026c        0x4 ./Core/Src/main.o
                0x000000002000026c                i2cVar
 .bss.error_correction
                0x0000000020000270        0x4 ./Core/Src/main.o
                0x0000000020000270                error_correction
 .bss.angulo_deseado
                0x0000000020000274        0x4 ./Core/Src/main.o
                0x0000000020000274                angulo_deseado
 .bss.pos_x     0x0000000020000278        0x4 ./Core/Src/main.o
                0x0000000020000278                pos_x
 .bss.pos_y     0x000000002000027c        0x4 ./Core/Src/main.o
                0x000000002000027c                pos_y
 .bss.velocidad_actual
                0x0000000020000280        0x4 ./Core/Src/main.o
                0x0000000020000280                velocidad_actual
 .bss.velocidad_manual
                0x0000000020000284        0x4 ./Core/Src/main.o
                0x0000000020000284                velocidad_manual
 .bss.grados_manual
                0x0000000020000288        0x4 ./Core/Src/main.o
                0x0000000020000288                grados_manual
 .bss.current_mode
                0x000000002000028c        0x1 ./Core/Src/main.o
                0x000000002000028c                current_mode
 .bss.command_received
                0x000000002000028d        0x1 ./Core/Src/main.o
                0x000000002000028d                command_received
 .bss.command_index
                0x000000002000028e        0x1 ./Core/Src/main.o
                0x000000002000028e                command_index
 .bss.command_started.9621
                0x000000002000028f        0x1 ./Core/Src/main.o
 .bss.is_calibrated.9858
                0x0000000020000290        0x1 ./Core/Src/main.o
 *fill*         0x0000000020000291        0x3 
 .bss.__sbrk_heap_end
                0x0000000020000294        0x4 ./Core/Src/sysmem.o
 .bss.pxCurrentTCB
                0x0000000020000298        0x4 ./Middlewares/Third_Party/FreeRTOS/Source/tasks.o
                0x0000000020000298                pxCurrentTCB
 .bss.pxReadyTasksLists
                0x000000002000029c       0x8c ./Middlewares/Third_Party/FreeRTOS/Source/tasks.o
 .bss.xDelayedTaskList1
                0x0000000020000328       0x14 ./Middlewares/Third_Party/FreeRTOS/Source/tasks.o
 .bss.xDelayedTaskList2
                0x000000002000033c       0x14 ./Middlewares/Third_Party/FreeRTOS/Source/tasks.o
 .bss.pxDelayedTaskList
                0x0000000020000350        0x4 ./Middlewares/Third_Party/FreeRTOS/Source/tasks.o
 .bss.pxOverflowDelayedTaskList
                0x0000000020000354        0x4 ./Middlewares/Third_Party/FreeRTOS/Source/tasks.o
 .bss.xPendingReadyList
                0x0000000020000358       0x14 ./Middlewares/Third_Party/FreeRTOS/Source/tasks.o
 .bss.xTasksWaitingTermination
                0x000000002000036c       0x14 ./Middlewares/Third_Party/FreeRTOS/Source/tasks.o
 .bss.uxDeletedTasksWaitingCleanUp
                0x0000000020000380        0x4 ./Middlewares/Third_Party/FreeRTOS/Source/tasks.o
 .bss.xSuspendedTaskList
                0x0000000020000384       0x14 ./Middlewares/Third_Party/FreeRTOS/Source/tasks.o
 .bss.uxCurrentNumberOfTasks
                0x0000000020000398        0x4 ./Middlewares/Third_Party/FreeRTOS/Source/tasks.o
 .bss.xTickCount